[15:17:29] ======================================================================
[15:17:29] REALISTIC OHCA PREDICTION - TRAINING PIPELINE v2
[15:17:29] ======================================================================
[15:17:29] 
=== PHASE 1: BUILD MODEL ===
[15:17:29] Model parameters: 0
[15:17:37] Model parameters (after build): 17,327,520
[15:17:37] 
=== PHASE 2: DATA GENERATION ===
[15:18:05]   Batch 1: train=47, val=8, test=9
[15:18:19]   Batch 2: train=91, val=18, test=20
[15:18:32]   Batch 3: train=131, val=30, test=30
[15:18:47]   Batch 4: train=178, val=38, test=40
[15:18:47] Natural OHCA rates: train=54/178 (30.3%), val=4/38 (10.5%), test=10/40 (25.0%)
[15:18:47] 
=== PHASE 3: TRAINING ===
[15:22:09]   Epoch  1/30: loss=2.8642 vloss=1.6647 AUROC=0.412 [0.114-1.000] Sens=0.250 Spec=0.912 (202.4s)
[15:22:09]     -> New best AUROC!
[15:25:27]   Epoch  2/30: loss=5.4354 vloss=1.4146 AUROC=0.485 [0.054-0.889] Sens=0.500 Spec=0.676 (197.8s)
[15:25:27]     -> New best AUROC!
[15:29:02]   Epoch  3/30: loss=4.0810 vloss=1.1064 AUROC=0.493 [0.108-0.861] Sens=0.500 Spec=0.441 (215.3s)
[15:29:02]     -> New best AUROC!
[15:32:19]   Epoch  4/30: loss=3.7055 vloss=0.8979 AUROC=0.566 [0.095-0.910] Sens=0.750 Spec=0.382 (197.1s)
[15:32:19]     -> New best AUROC!
[15:35:34]   Epoch  5/30: loss=3.8240 vloss=0.7683 AUROC=0.662 [0.274-0.949] Sens=0.750 Spec=0.294 (194.5s)
[15:35:34]     -> New best AUROC!
[15:38:49]   Epoch  6/30: loss=3.5583 vloss=0.8621 AUROC=0.654 [0.279-0.916] Sens=0.750 Spec=0.500 (194.7s)
[15:42:03]   Epoch  7/30: loss=2.8248 vloss=0.9486 AUROC=0.691 [0.344-0.943] Sens=0.750 Spec=0.735 (194.0s)
[15:42:03]     -> New best AUROC!
[15:45:15]   Epoch  8/30: loss=3.2723 vloss=0.7441 AUROC=0.684 [0.380-0.923] Sens=1.000 Spec=0.235 (192.5s)
[15:48:28]   Epoch  9/30: loss=2.5629 vloss=1.0395 AUROC=0.676 [0.297-0.962] Sens=0.750 Spec=0.647 (192.8s)
[15:51:38]   Epoch 10/30: loss=3.4193 vloss=0.9760 AUROC=0.647 [0.121-0.962] Sens=0.750 Spec=0.559 (189.6s)
[15:54:47]   Epoch 11/30: loss=3.3055 vloss=0.9504 AUROC=0.654 [0.095-0.976] Sens=0.750 Spec=0.206 (189.7s)
[15:57:57]   Epoch 12/30: loss=2.5693 vloss=1.0693 AUROC=0.669 [0.055-1.000] Sens=0.750 Spec=0.441 (190.0s)
[16:01:08]   Epoch 13/30: loss=2.5482 vloss=1.0289 AUROC=0.669 [0.055-0.985] Sens=0.750 Spec=0.382 (190.9s)
[16:04:20]   Epoch 14/30: loss=3.0602 vloss=1.1231 AUROC=0.647 [0.055-0.982] Sens=0.750 Spec=0.294 (191.9s)
[16:07:33]   Epoch 15/30: loss=2.3162 vloss=1.2794 AUROC=0.662 [0.055-0.988] Sens=0.750 Spec=0.324 (192.5s)
[16:10:44]   Epoch 16/30: loss=2.4018 vloss=1.3793 AUROC=0.640 [0.055-0.947] Sens=0.750 Spec=0.265 (191.7s)
[16:13:57]   Epoch 17/30: loss=2.1342 vloss=1.3857 AUROC=0.654 [0.055-0.946] Sens=0.750 Spec=0.382 (192.5s)
[16:13:57]   Early stopping at epoch 17
[16:13:57] 
Best val AUROC: 0.691
[16:13:57] 
=== PHASE 4: TEST EVALUATION ===
[16:14:05] Test set: 40 samples (10 pos, 30 neg)
[16:14:06] 
--- THRESHOLD SWEEP ---
[16:14:19] Optimal threshold: 0.250 (F1=0.483)
[16:14:20] 
--- CLINICAL METRICS @ threshold=0.25 ---
[16:14:20]   AUROC:       0.5800 [0.3067-0.8050]
[16:14:20]   AUPRC:       0.4669 [0.1786-0.7358]
[16:14:20]   Sensitivity: 0.7000 [0.3690-1.0000]
[16:14:20]   Specificity: 0.6000 [0.4182-0.7706]
[16:14:20]   PPV:         0.3684 [0.1333-0.6154]
[16:14:20]   NPV:         0.8571 [0.6898-1.0000]
[16:14:20]   Brier:       0.2132 [0.1235-0.3038]
[16:14:20] 
--- CALIBRATION ---
[16:14:20]   ECE: 0.2524
[16:14:20]   MCE: 0.4787
[16:14:20]   Brier: 0.2132
[16:14:20] 
--- PREDICTION DISTRIBUTIONS ---
[16:14:20]   Positive: mean=0.3939 +/- 0.2913 [0.0283 - 0.8759]
[16:14:20]   Negative: mean=0.2824 +/- 0.2320 [0.0110 - 0.7317]
[16:14:20]   Separation: 0.1115
[16:14:20] 
--- RISK SCORE DISTRIBUTION ---
[16:14:20]   [0.0, 0.1): 3 pos, 8 neg
[16:14:20]   [0.1, 0.2): 0 pos, 9 neg
[16:14:20]   [0.2, 0.3): 2 pos, 1 neg
[16:14:20]   [0.3, 0.4): 0 pos, 4 neg
[16:14:20]   [0.4, 0.5): 2 pos, 2 neg
[16:14:20]   [0.5, 0.6): 0 pos, 0 neg
[16:14:20]   [0.6, 0.7): 1 pos, 3 neg
[16:14:20]   [0.7, 0.8): 1 pos, 3 neg
[16:14:20]   [0.8, 0.9): 1 pos, 0 neg
[16:14:20]   [0.9, 1.0): 0 pos, 0 neg
[16:14:20] 
Saved results/evaluation_results.json
[16:14:20] 
======================================================================
[16:14:20] PIPELINE COMPLETE
[16:14:20] ======================================================================
[16:14:20] AUROC:       0.5800
[16:14:20] Sensitivity: 0.7000
[16:14:20] Specificity: 0.6000
[16:14:20] Calibration ECE: 0.2524
[16:14:20] ======================================================================
