2026-07-28 10:51:55,234 | Metric error: name 'accuracy_score' is not defined
2026-07-28 10:51:55,240 | Epoch 1/300 | train_loss=2.2230 val_loss=0.0000 | AUROC=0.570 [0.461–0.665] AUPRC=0.323 Acc(opt)=0.000@thr=0.00 | Sens=0.000 Spec=0.993 PPV=0.000 F1=0.000 | Brier=0.2230 ECE=0.2229 uncert=13.62 lr=5.70e-05 (0s)
2026-07-28 10:51:56,636 | ★ New best AUROC=0.5702 → saved checkpoint
2026-07-28 10:52:43,813 | Metric error: name 'accuracy_score' is not defined
2026-07-28 10:52:43,818 | Epoch 2/300 | train_loss=1.5961 val_loss=0.0000 | AUROC=0.636 [0.537–0.719] AUPRC=0.392 Acc(opt)=0.000@thr=0.00 | Sens=0.000 Spec=1.000 PPV=0.000 F1=0.000 | Brier=0.2126 ECE=0.2082 uncert=16.88 lr=1.14e-04 (0s)
2026-07-28 10:52:44,769 | ★ New best AUROC=0.6364 → saved checkpoint
2026-07-28 10:53:31,823 | Metric error: name 'accuracy_score' is not defined
2026-07-28 10:53:31,831 | Epoch 3/300 | train_loss=1.1688 val_loss=0.0000 | AUROC=0.681 [0.580–0.771] AUPRC=0.464 Acc(opt)=0.000@thr=0.00 | Sens=0.045 Spec=1.000 PPV=1.000 F1=0.087 | Brier=0.1946 ECE=0.1869 uncert=12.62 lr=1.71e-04 (0s)
2026-07-28 10:53:32,623 | ★ New best AUROC=0.6805 → saved checkpoint
2026-07-28 10:54:18,787 | Metric error: name 'accuracy_score' is not defined
2026-07-28 10:54:18,790 | Epoch 4/300 | train_loss=0.9826 val_loss=0.0000 | AUROC=0.801 [0.693–0.869] AUPRC=0.579 Acc(opt)=0.000@thr=0.00 | Sens=0.000 Spec=1.000 PPV=0.000 F1=0.000 | Brier=0.1717 ECE=0.1506 uncert=7.59 lr=2.28e-04 (0s)
2026-07-28 10:54:19,757 | ★ New best AUROC=0.8006 → saved checkpoint
2026-07-28 10:55:06,022 | Metric error: name 'accuracy_score' is not defined
2026-07-28 10:55:06,027 | Epoch 5/300 | train_loss=0.7617 val_loss=0.0000 | AUROC=0.693 [0.611–0.770] AUPRC=0.398 Acc(opt)=0.000@thr=0.00 | Sens=0.682 Spec=0.609 PPV=0.337 F1=0.451 | Brier=0.2212 ECE=0.2450 uncert=14.69 lr=2.85e-04 (0s)
2026-07-28 10:55:51,497 | Metric error: name 'accuracy_score' is not defined
2026-07-28 10:55:51,502 | Epoch 6/300 | train_loss=0.6139 val_loss=0.0000 | AUROC=0.497 [0.387–0.591] AUPRC=0.228 Acc(opt)=0.000@thr=0.00 | Sens=0.182 Spec=0.815 PPV=0.222 F1=0.200 | Brier=0.2159 ECE=0.1786 uncert=17.75 lr=3.00e-04 (0s)
2026-07-28 10:56:37,947 | Metric error: name 'accuracy_score' is not defined
2026-07-28 10:56:37,950 | Epoch 7/300 | train_loss=0.4892 val_loss=0.0000 | AUROC=0.686 [0.591–0.762] AUPRC=0.400 Acc(opt)=0.000@thr=0.00 | Sens=0.023 Spec=0.993 PPV=0.500 F1=0.043 | Brier=0.1865 ECE=0.1488 uncert=18.50 lr=3.00e-04 (0s)
2026-07-28 10:57:24,925 | Metric error: name 'accuracy_score' is not defined
2026-07-28 10:57:24,929 | Epoch 8/300 | train_loss=0.4376 val_loss=0.0000 | AUROC=0.596 [0.509–0.687] AUPRC=0.344 Acc(opt)=0.000@thr=0.00 | Sens=0.000 Spec=1.000 PPV=0.000 F1=0.000 | Brier=0.1785 ECE=0.0804 uncert=18.75 lr=3.00e-04 (0s)
2026-07-28 10:58:09,413 | Metric error: name 'accuracy_score' is not defined
2026-07-28 10:58:09,417 | Epoch 9/300 | train_loss=0.3921 val_loss=0.0000 | AUROC=0.669 [0.567–0.770] AUPRC=0.419 Acc(opt)=0.000@thr=0.00 | Sens=0.000 Spec=0.993 PPV=0.000 F1=0.000 | Brier=0.2009 ECE=0.1807 uncert=8.25 lr=3.00e-04 (0s)
2026-07-28 10:58:56,439 | Metric error: name 'accuracy_score' is not defined
2026-07-28 10:58:56,442 | Epoch 10/300 | train_loss=0.3880 val_loss=0.0000 | AUROC=0.819 [0.747–0.883] AUPRC=0.551 Acc(opt)=0.000@thr=0.00 | Sens=0.000 Spec=1.000 PPV=0.000 F1=0.000 | Brier=0.1731 ECE=0.1624 uncert=9.75 lr=3.00e-04 (0s)
2026-07-28 10:58:57,426 | ★ New best AUROC=0.8191 → saved checkpoint
2026-07-28 10:59:42,870 | Metric error: name 'accuracy_score' is not defined
2026-07-28 10:59:42,874 | Epoch 11/300 | train_loss=0.3656 val_loss=0.0000 | AUROC=0.746 [0.664–0.821] AUPRC=0.477 Acc(opt)=0.000@thr=0.00 | Sens=0.000 Spec=1.000 PPV=0.000 F1=0.000 | Brier=0.1741 ECE=0.1370 uncert=11.25 lr=3.00e-04 (0s)
2026-07-28 11:00:28,855 | Metric error: name 'accuracy_score' is not defined
2026-07-28 11:00:28,858 | Epoch 12/300 | train_loss=0.3627 val_loss=0.0000 | AUROC=0.823 [0.727–0.892] AUPRC=0.580 Acc(opt)=0.000@thr=0.00 | Sens=0.023 Spec=1.000 PPV=1.000 F1=0.044 | Brier=0.1663 ECE=0.1805 uncert=18.75 lr=3.00e-04 (0s)
2026-07-28 11:00:29,724 | ★ New best AUROC=0.8228 → saved checkpoint
2026-07-28 11:01:15,635 | Metric error: name 'accuracy_score' is not defined
2026-07-28 11:01:15,638 | Epoch 13/300 | train_loss=0.3593 val_loss=0.0000 | AUROC=0.834 [0.763–0.897] AUPRC=0.570 Acc(opt)=0.000@thr=0.00 | Sens=0.000 Spec=1.000 PPV=0.000 F1=0.000 | Brier=0.1850 ECE=0.1776 uncert=17.50 lr=2.99e-04 (0s)
2026-07-28 11:01:16,467 | ★ New best AUROC=0.8342 → saved checkpoint
2026-07-28 11:02:03,402 | Metric error: name 'accuracy_score' is not defined
2026-07-28 11:02:03,406 | Epoch 14/300 | train_loss=0.3592 val_loss=0.0000 | AUROC=0.860 [0.790–0.917] AUPRC=0.649 Acc(opt)=0.000@thr=0.00 | Sens=0.000 Spec=1.000 PPV=0.000 F1=0.000 | Brier=0.1426 ECE=0.1502 uncert=18.62 lr=2.99e-04 (0s)
2026-07-28 11:02:04,310 | ★ New best AUROC=0.8604 → saved checkpoint
2026-07-28 11:02:51,519 | Metric error: name 'accuracy_score' is not defined
2026-07-28 11:02:51,526 | Epoch 15/300 | train_loss=0.3504 val_loss=0.0000 | AUROC=0.887 [0.819–0.933] AUPRC=0.728 Acc(opt)=0.000@thr=0.00 | Sens=0.250 Spec=0.993 PPV=0.917 F1=0.393 | Brier=0.1363 ECE=0.1535 uncert=18.75 lr=2.99e-04 (0s)
2026-07-28 11:02:52,527 | ★ New best AUROC=0.8865 → saved checkpoint
2026-07-28 11:03:39,932 | Metric error: name 'accuracy_score' is not defined
2026-07-28 11:03:39,935 | Epoch 16/300 | train_loss=0.3429 val_loss=0.0000 | AUROC=0.895 [0.836–0.937] AUPRC=0.755 Acc(opt)=0.000@thr=0.00 | Sens=0.295 Spec=0.987 PPV=0.867 F1=0.441 | Brier=0.1351 ECE=0.1534 uncert=15.25 lr=2.99e-04 (0s)
2026-07-28 11:03:40,878 | ★ New best AUROC=0.8948 → saved checkpoint
2026-07-28 11:04:28,274 | Metric error: name 'accuracy_score' is not defined
2026-07-28 11:04:28,281 | Epoch 17/300 | train_loss=0.3331 val_loss=0.0000 | AUROC=0.892 [0.834–0.935] AUPRC=0.745 Acc(opt)=0.000@thr=0.00 | Sens=0.386 Spec=0.980 PPV=0.850 F1=0.531 | Brier=0.1278 ECE=0.1370 uncert=14.12 lr=2.99e-04 (0s)
2026-07-28 11:05:16,054 | Metric error: name 'accuracy_score' is not defined
2026-07-28 11:05:16,060 | Epoch 18/300 | train_loss=0.3254 val_loss=0.0000 | AUROC=0.901 [0.846–0.944] AUPRC=0.778 Acc(opt)=0.000@thr=0.00 | Sens=0.659 Spec=0.934 PPV=0.744 F1=0.699 | Brier=0.1233 ECE=0.1710 uncert=12.50 lr=2.99e-04 (0s)
2026-07-28 11:05:17,054 | ★ New best AUROC=0.9009 → saved checkpoint
2026-07-28 11:06:03,682 | Metric error: name 'accuracy_score' is not defined
2026-07-28 11:06:03,689 | Epoch 19/300 | train_loss=0.3069 val_loss=0.0000 | AUROC=0.897 [0.847–0.940] AUPRC=0.757 Acc(opt)=0.000@thr=0.00 | Sens=0.659 Spec=0.934 PPV=0.744 F1=0.699 | Brier=0.1074 ECE=0.0992 uncert=9.12 lr=2.98e-04 (0s)
2026-07-28 11:06:51,610 | Metric error: name 'accuracy_score' is not defined
2026-07-28 11:06:51,616 | Epoch 20/300 | train_loss=0.2961 val_loss=0.0000 | AUROC=0.894 [0.839–0.941] AUPRC=0.753 Acc(opt)=0.000@thr=0.00 | Sens=0.727 Spec=0.921 PPV=0.727 F1=0.727 | Brier=0.1002 ECE=0.0723 uncert=10.50 lr=2.98e-04 (0s)
2026-07-28 11:06:52,608 | Checkpoint saved: models/checkpoint_epoch20.weights.h5
2026-07-28 11:07:39,947 | Metric error: name 'accuracy_score' is not defined
2026-07-28 11:07:39,954 | Epoch 21/300 | train_loss=0.3034 val_loss=0.0000 | AUROC=0.897 [0.843–0.943] AUPRC=0.748 Acc(opt)=0.000@thr=0.00 | Sens=0.614 Spec=0.940 PPV=0.750 F1=0.675 | Brier=0.0990 ECE=0.0646 uncert=9.12 lr=2.98e-04 (0s)
2026-07-28 11:08:27,069 | Metric error: name 'accuracy_score' is not defined
2026-07-28 11:08:27,076 | Epoch 22/300 | train_loss=0.2797 val_loss=0.0000 | AUROC=0.902 [0.848–0.951] AUPRC=0.796 Acc(opt)=0.000@thr=0.00 | Sens=0.750 Spec=0.921 PPV=0.733 F1=0.742 | Brier=0.0918 ECE=0.0933 uncert=6.69 lr=2.98e-04 (0s)
2026-07-28 11:08:28,089 | ★ New best AUROC=0.9019 → saved checkpoint
2026-07-28 11:09:15,225 | Metric error: name 'accuracy_score' is not defined
2026-07-28 11:09:15,231 | Epoch 23/300 | train_loss=0.2819 val_loss=0.0000 | AUROC=0.892 [0.831–0.945] AUPRC=0.768 Acc(opt)=0.000@thr=0.00 | Sens=0.773 Spec=0.914 PPV=0.723 F1=0.747 | Brier=0.1057 ECE=0.1359 uncert=6.66 lr=2.97e-04 (0s)
2026-07-28 11:10:02,593 | Metric error: name 'accuracy_score' is not defined
2026-07-28 11:10:02,599 | Epoch 24/300 | train_loss=0.2719 val_loss=0.0000 | AUROC=0.903 [0.846–0.954] AUPRC=0.812 Acc(opt)=0.000@thr=0.00 | Sens=0.750 Spec=0.934 PPV=0.767 F1=0.759 | Brier=0.0907 ECE=0.0945 uncert=6.66 lr=2.97e-04 (0s)
2026-07-28 11:10:02,905 | ★ New best AUROC=0.9028 → saved checkpoint
2026-07-28 11:10:50,139 | Metric error: name 'accuracy_score' is not defined
2026-07-28 11:10:50,144 | Epoch 25/300 | train_loss=0.2563 val_loss=0.0000 | AUROC=0.909 [0.857–0.959] AUPRC=0.824 Acc(opt)=0.000@thr=0.00 | Sens=0.818 Spec=0.901 PPV=0.706 F1=0.758 | Brier=0.0941 ECE=0.1181 uncert=13.19 lr=2.97e-04 (0s)
2026-07-28 11:10:51,044 | ★ New best AUROC=0.9094 → saved checkpoint
2026-07-28 11:11:38,369 | Metric error: name 'accuracy_score' is not defined
2026-07-28 11:11:38,374 | Epoch 26/300 | train_loss=0.2572 val_loss=0.0000 | AUROC=0.915 [0.863–0.962] AUPRC=0.821 Acc(opt)=0.000@thr=0.00 | Sens=0.818 Spec=0.901 PPV=0.706 F1=0.758 | Brier=0.0932 ECE=0.1209 uncert=14.69 lr=2.96e-04 (0s)
2026-07-28 11:11:39,397 | ★ New best AUROC=0.9146 → saved checkpoint
2026-07-28 11:12:27,160 | Metric error: name 'accuracy_score' is not defined
2026-07-28 11:12:27,164 | Epoch 27/300 | train_loss=0.2616 val_loss=0.0000 | AUROC=0.914 [0.861–0.961] AUPRC=0.842 Acc(opt)=0.000@thr=0.00 | Sens=0.841 Spec=0.874 PPV=0.661 F1=0.740 | Brier=0.1012 ECE=0.1250 uncert=16.88 lr=2.96e-04 (0s)
2026-07-28 11:13:14,180 | Metric error: name 'accuracy_score' is not defined
2026-07-28 11:13:14,186 | Epoch 28/300 | train_loss=0.2513 val_loss=0.0000 | AUROC=0.914 [0.856–0.965] AUPRC=0.853 Acc(opt)=0.000@thr=0.00 | Sens=0.818 Spec=0.934 PPV=0.783 F1=0.800 | Brier=0.0844 ECE=0.1107 uncert=17.38 lr=2.95e-04 (0s)
2026-07-28 11:14:02,361 | Metric error: name 'accuracy_score' is not defined
2026-07-28 11:14:02,369 | Epoch 29/300 | train_loss=0.2387 val_loss=0.0000 | AUROC=0.915 [0.862–0.965] AUPRC=0.847 Acc(opt)=0.000@thr=0.00 | Sens=0.864 Spec=0.894 PPV=0.704 F1=0.776 | Brier=0.0979 ECE=0.1433 uncert=14.25 lr=2.95e-04 (0s)
2026-07-28 11:14:03,399 | ★ New best AUROC=0.9148 → saved checkpoint
2026-07-28 11:14:50,739 | Metric error: name 'accuracy_score' is not defined
2026-07-28 11:14:50,747 | Epoch 30/300 | train_loss=0.2552 val_loss=0.0000 | AUROC=0.910 [0.853–0.962] AUPRC=0.843 Acc(opt)=0.000@thr=0.00 | Sens=0.818 Spec=0.967 PPV=0.878 F1=0.847 | Brier=0.0761 ECE=0.1077 uncert=12.38 lr=2.95e-04 (0s)
2026-07-28 11:15:39,057 | Metric error: name 'accuracy_score' is not defined
2026-07-28 11:15:39,063 | Epoch 31/300 | train_loss=0.2386 val_loss=0.0000 | AUROC=0.913 [0.854–0.967] AUPRC=0.856 Acc(opt)=0.000@thr=0.00 | Sens=0.841 Spec=0.960 PPV=0.860 F1=0.851 | Brier=0.0734 ECE=0.1206 uncert=14.12 lr=2.94e-04 (0s)
2026-07-28 11:16:25,445 | Metric error: name 'accuracy_score' is not defined
2026-07-28 11:16:25,451 | Epoch 32/300 | train_loss=0.2397 val_loss=0.0000 | AUROC=0.909 [0.842–0.967] AUPRC=0.855 Acc(opt)=0.000@thr=0.00 | Sens=0.818 Spec=0.960 PPV=0.857 F1=0.837 | Brier=0.0704 ECE=0.0860 uncert=13.44 lr=2.94e-04 (0s)
2026-07-28 11:17:13,434 | Metric error: name 'accuracy_score' is not defined
2026-07-28 11:17:13,438 | Epoch 33/300 | train_loss=0.2343 val_loss=0.0000 | AUROC=0.910 [0.844–0.963] AUPRC=0.854 Acc(opt)=0.000@thr=0.00 | Sens=0.773 Spec=0.987 PPV=0.944 F1=0.850 | Brier=0.0641 ECE=0.0745 uncert=15.25 lr=2.93e-04 (0s)
2026-07-28 11:18:00,574 | Metric error: name 'accuracy_score' is not defined
2026-07-28 11:18:00,578 | Epoch 34/300 | train_loss=0.2302 val_loss=0.0000 | AUROC=0.911 [0.850–0.964] AUPRC=0.872 Acc(opt)=0.000@thr=0.00 | Sens=0.841 Spec=0.927 PPV=0.771 F1=0.804 | Brier=0.0737 ECE=0.1029 uncert=12.94 lr=2.93e-04 (0s)
2026-07-28 11:18:48,827 | Metric error: name 'accuracy_score' is not defined
2026-07-28 11:18:48,834 | Epoch 35/300 | train_loss=0.2251 val_loss=0.0000 | AUROC=0.897 [0.824–0.962] AUPRC=0.858 Acc(opt)=0.000@thr=0.00 | Sens=0.773 Spec=0.987 PPV=0.944 F1=0.850 | Brier=0.0696 ECE=0.0980 uncert=16.25 lr=2.92e-04 (0s)
2026-07-28 11:19:35,890 | Metric error: name 'accuracy_score' is not defined
2026-07-28 11:19:35,896 | Epoch 36/300 | train_loss=0.2302 val_loss=0.0000 | AUROC=0.901 [0.832–0.962] AUPRC=0.863 Acc(opt)=0.000@thr=0.00 | Sens=0.750 Spec=0.987 PPV=0.943 F1=0.835 | Brier=0.0722 ECE=0.1292 uncert=15.56 lr=2.92e-04 (0s)
2026-07-28 11:20:23,957 | Metric error: name 'accuracy_score' is not defined
2026-07-28 11:20:23,962 | Epoch 37/300 | train_loss=0.2451 val_loss=0.0000 | AUROC=0.894 [0.823–0.958] AUPRC=0.834 Acc(opt)=0.000@thr=0.00 | Sens=0.773 Spec=0.987 PPV=0.944 F1=0.850 | Brier=0.0657 ECE=0.0974 uncert=16.00 lr=2.91e-04 (0s)
2026-07-28 11:21:10,814 | Metric error: name 'accuracy_score' is not defined
2026-07-28 11:21:10,819 | Epoch 38/300 | train_loss=0.2685 val_loss=0.0000 | AUROC=0.888 [0.819–0.957] AUPRC=0.823 Acc(opt)=0.000@thr=0.00 | Sens=0.841 Spec=0.934 PPV=0.787 F1=0.813 | Brier=0.0727 ECE=0.0769 uncert=18.12 lr=2.91e-04 (0s)
2026-07-28 11:21:58,794 | Metric error: name 'accuracy_score' is not defined
2026-07-28 11:21:58,798 | Epoch 39/300 | train_loss=0.2243 val_loss=0.0000 | AUROC=0.893 [0.821–0.958] AUPRC=0.845 Acc(opt)=0.000@thr=0.00 | Sens=0.773 Spec=0.980 PPV=0.919 F1=0.840 | Brier=0.0598 ECE=0.0570 uncert=18.38 lr=2.90e-04 (0s)
2026-07-28 11:22:44,744 | Metric error: name 'accuracy_score' is not defined
2026-07-28 11:22:44,749 | Epoch 40/300 | train_loss=0.2001 val_loss=0.0000 | AUROC=0.895 [0.822–0.958] AUPRC=0.851 Acc(opt)=0.000@thr=0.00 | Sens=0.773 Spec=0.993 PPV=0.971 F1=0.861 | Brier=0.0638 ECE=0.0766 uncert=18.75 lr=2.90e-04 (0s)
2026-07-28 11:22:45,708 | Checkpoint saved: models/checkpoint_epoch40.weights.h5
2026-07-28 11:23:32,822 | Metric error: name 'accuracy_score' is not defined
2026-07-28 11:23:32,828 | Epoch 41/300 | train_loss=0.2360 val_loss=0.0000 | AUROC=0.890 [0.813–0.960] AUPRC=0.854 Acc(opt)=0.000@thr=0.00 | Sens=0.682 Spec=0.993 PPV=0.968 F1=0.800 | Brier=0.0782 ECE=0.1182 uncert=17.62 lr=2.89e-04 (0s)
2026-07-28 11:24:20,372 | Metric error: name 'accuracy_score' is not defined
2026-07-28 11:24:20,379 | Epoch 42/300 | train_loss=0.2230 val_loss=0.0000 | AUROC=0.894 [0.819–0.954] AUPRC=0.831 Acc(opt)=0.000@thr=0.00 | Sens=0.750 Spec=0.967 PPV=0.868 F1=0.805 | Brier=0.0806 ECE=0.1110 uncert=17.88 lr=2.88e-04 (0s)
2026-07-28 11:25:08,406 | Metric error: name 'accuracy_score' is not defined
2026-07-28 11:25:08,410 | Epoch 43/300 | train_loss=0.2408 val_loss=0.0000 | AUROC=0.900 [0.826–0.965] AUPRC=0.865 Acc(opt)=0.000@thr=0.00 | Sens=0.795 Spec=0.980 PPV=0.921 F1=0.854 | Brier=0.0597 ECE=0.0622 uncert=17.75 lr=2.88e-04 (0s)
2026-07-28 11:25:56,026 | Metric error: name 'accuracy_score' is not defined
2026-07-28 11:25:56,030 | Epoch 44/300 | train_loss=0.2268 val_loss=0.0000 | AUROC=0.884 [0.810–0.948] AUPRC=0.820 Acc(opt)=0.000@thr=0.00 | Sens=0.773 Spec=0.954 PPV=0.829 F1=0.800 | Brier=0.0847 ECE=0.1096 uncert=18.75 lr=2.87e-04 (0s)
2026-07-28 11:26:43,748 | Metric error: name 'accuracy_score' is not defined
2026-07-28 11:26:43,751 | Epoch 45/300 | train_loss=0.2103 val_loss=0.0000 | AUROC=0.897 [0.822–0.959] AUPRC=0.857 Acc(opt)=0.000@thr=0.00 | Sens=0.795 Spec=0.954 PPV=0.833 F1=0.814 | Brier=0.0843 ECE=0.1219 uncert=18.75 lr=2.86e-04 (0s)
2026-07-28 11:27:31,272 | Metric error: name 'accuracy_score' is not defined
2026-07-28 11:27:31,276 | Epoch 46/300 | train_loss=0.1849 val_loss=0.0000 | AUROC=0.896 [0.824–0.960] AUPRC=0.853 Acc(opt)=0.000@thr=0.00 | Sens=0.795 Spec=0.921 PPV=0.745 F1=0.769 | Brier=0.0940 ECE=0.1439 uncert=18.75 lr=2.86e-04 (0s)
2026-07-28 11:28:19,499 | Metric error: name 'accuracy_score' is not defined
2026-07-28 11:28:19,506 | Epoch 47/300 | train_loss=0.2035 val_loss=0.0000 | AUROC=0.900 [0.819–0.965] AUPRC=0.849 Acc(opt)=0.000@thr=0.00 | Sens=0.818 Spec=0.980 PPV=0.923 F1=0.867 | Brier=0.0673 ECE=0.1021 uncert=18.75 lr=2.85e-04 (0s)
2026-07-28 11:29:04,686 | Metric error: name 'accuracy_score' is not defined
2026-07-28 11:29:04,691 | Epoch 48/300 | train_loss=0.2118 val_loss=0.0000 | AUROC=0.914 [0.851–0.968] AUPRC=0.855 Acc(opt)=0.000@thr=0.00 | Sens=0.795 Spec=0.987 PPV=0.946 F1=0.864 | Brier=0.0653 ECE=0.1075 uncert=18.75 lr=2.84e-04 (0s)
2026-07-28 11:29:53,555 | Metric error: name 'accuracy_score' is not defined
2026-07-28 11:29:53,559 | Epoch 49/300 | train_loss=0.2190 val_loss=0.0000 | AUROC=0.906 [0.836–0.963] AUPRC=0.846 Acc(opt)=0.000@thr=0.00 | Sens=0.750 Spec=0.987 PPV=0.943 F1=0.835 | Brier=0.0737 ECE=0.1174 uncert=18.75 lr=2.83e-04 (0s)
2026-07-28 11:30:41,064 | Metric error: name 'accuracy_score' is not defined
2026-07-28 11:30:41,068 | Epoch 50/300 | train_loss=0.1974 val_loss=0.0000 | AUROC=0.892 [0.812–0.956] AUPRC=0.834 Acc(opt)=0.000@thr=0.00 | Sens=0.773 Spec=0.901 PPV=0.694 F1=0.731 | Brier=0.0981 ECE=0.1526 uncert=18.75 lr=2.83e-04 (0s)
2026-07-28 11:31:30,293 | Metric error: name 'accuracy_score' is not defined
2026-07-28 11:31:30,296 | Epoch 51/300 | train_loss=0.2088 val_loss=0.0000 | AUROC=0.916 [0.844–0.967] AUPRC=0.855 Acc(opt)=0.000@thr=0.00 | Sens=0.773 Spec=0.993 PPV=0.971 F1=0.861 | Brier=0.0562 ECE=0.0455 uncert=18.75 lr=2.82e-04 (0s)
2026-07-28 11:31:31,230 | ★ New best AUROC=0.9156 → saved checkpoint
2026-07-28 11:32:17,796 | Metric error: name 'accuracy_score' is not defined
2026-07-28 11:32:17,802 | Epoch 52/300 | train_loss=0.2114 val_loss=0.0000 | AUROC=0.898 [0.824–0.959] AUPRC=0.845 Acc(opt)=0.000@thr=0.00 | Sens=0.750 Spec=0.987 PPV=0.943 F1=0.835 | Brier=0.0636 ECE=0.0625 uncert=18.75 lr=2.81e-04 (0s)
2026-07-28 11:33:04,305 | Metric error: name 'accuracy_score' is not defined
2026-07-28 11:33:04,310 | Epoch 53/300 | train_loss=0.1951 val_loss=0.0000 | AUROC=0.902 [0.827–0.960] AUPRC=0.842 Acc(opt)=0.000@thr=0.00 | Sens=0.750 Spec=0.993 PPV=0.971 F1=0.846 | Brier=0.0612 ECE=0.0506 uncert=18.75 lr=2.80e-04 (0s)
2026-07-28 11:33:50,892 | Metric error: name 'accuracy_score' is not defined
2026-07-28 11:33:50,900 | Epoch 54/300 | train_loss=0.1942 val_loss=0.0000 | AUROC=0.915 [0.850–0.967] AUPRC=0.858 Acc(opt)=0.000@thr=0.00 | Sens=0.750 Spec=0.993 PPV=0.971 F1=0.846 | Brier=0.0608 ECE=0.0683 uncert=17.88 lr=2.80e-04 (0s)
2026-07-28 11:34:38,363 | Metric error: name 'accuracy_score' is not defined
2026-07-28 11:34:38,370 | Epoch 55/300 | train_loss=0.1895 val_loss=0.0000 | AUROC=0.907 [0.834–0.960] AUPRC=0.837 Acc(opt)=0.000@thr=0.00 | Sens=0.773 Spec=0.960 PPV=0.850 F1=0.810 | Brier=0.0750 ECE=0.0828 uncert=16.62 lr=2.79e-04 (0s)
2026-07-28 11:35:24,944 | Metric error: name 'accuracy_score' is not defined
2026-07-28 11:35:24,948 | Epoch 56/300 | train_loss=0.2040 val_loss=0.0000 | AUROC=0.899 [0.830–0.960] AUPRC=0.846 Acc(opt)=0.000@thr=0.00 | Sens=0.773 Spec=0.980 PPV=0.919 F1=0.840 | Brier=0.0676 ECE=0.0667 uncert=17.75 lr=2.78e-04 (0s)
2026-07-28 11:36:14,000 | Metric error: name 'accuracy_score' is not defined
2026-07-28 11:36:14,006 | Epoch 57/300 | train_loss=0.1850 val_loss=0.0000 | AUROC=0.908 [0.839–0.960] AUPRC=0.852 Acc(opt)=0.000@thr=0.00 | Sens=0.773 Spec=0.940 PPV=0.791 F1=0.782 | Brier=0.0740 ECE=0.0826 uncert=18.50 lr=2.77e-04 (0s)
2026-07-28 11:37:01,048 | Metric error: name 'accuracy_score' is not defined
2026-07-28 11:37:01,054 | Epoch 58/300 | train_loss=0.1992 val_loss=0.0000 | AUROC=0.884 [0.808–0.947] AUPRC=0.832 Acc(opt)=0.000@thr=0.00 | Sens=0.795 Spec=0.901 PPV=0.700 F1=0.745 | Brier=0.1016 ECE=0.1446 uncert=18.75 lr=2.76e-04 (0s)
2026-07-28 11:37:48,862 | Metric error: name 'accuracy_score' is not defined
2026-07-28 11:37:48,868 | Epoch 59/300 | train_loss=0.1684 val_loss=0.0000 | AUROC=0.891 [0.815–0.949] AUPRC=0.840 Acc(opt)=0.000@thr=0.00 | Sens=0.795 Spec=0.914 PPV=0.729 F1=0.761 | Brier=0.1019 ECE=0.1382 uncert=18.62 lr=2.75e-04 (0s)
2026-07-28 11:38:35,346 | Metric error: name 'accuracy_score' is not defined
2026-07-28 11:38:35,349 | Epoch 60/300 | train_loss=0.1915 val_loss=0.0000 | AUROC=0.897 [0.825–0.954] AUPRC=0.830 Acc(opt)=0.000@thr=0.00 | Sens=0.750 Spec=0.967 PPV=0.868 F1=0.805 | Brier=0.0665 ECE=0.0419 uncert=17.00 lr=2.74e-04 (0s)
2026-07-28 11:38:36,102 | Checkpoint saved: models/checkpoint_epoch60.weights.h5
2026-07-28 11:39:23,457 | Metric error: name 'accuracy_score' is not defined
2026-07-28 11:39:23,463 | Epoch 61/300 | train_loss=0.2025 val_loss=0.0000 | AUROC=0.892 [0.817–0.951] AUPRC=0.817 Acc(opt)=0.000@thr=0.00 | Sens=0.750 Spec=0.974 PPV=0.892 F1=0.815 | Brier=0.0701 ECE=0.0668 uncert=18.00 lr=2.73e-04 (0s)
2026-07-28 11:40:10,363 | Metric error: name 'accuracy_score' is not defined
2026-07-28 11:40:10,366 | Epoch 62/300 | train_loss=0.2035 val_loss=0.0000 | AUROC=0.912 [0.836–0.963] AUPRC=0.841 Acc(opt)=0.000@thr=0.00 | Sens=0.841 Spec=0.894 PPV=0.698 F1=0.763 | Brier=0.0948 ECE=0.1284 uncert=18.62 lr=2.73e-04 (0s)
2026-07-28 11:40:57,906 | Metric error: name 'accuracy_score' is not defined
2026-07-28 11:40:57,909 | Epoch 63/300 | train_loss=0.2004 val_loss=0.0000 | AUROC=0.887 [0.815–0.945] AUPRC=0.816 Acc(opt)=0.000@thr=0.00 | Sens=0.795 Spec=0.894 PPV=0.686 F1=0.737 | Brier=0.1028 ECE=0.1467 uncert=18.75 lr=2.72e-04 (0s)
2026-07-28 11:41:44,790 | Metric error: name 'accuracy_score' is not defined
2026-07-28 11:41:44,796 | Epoch 64/300 | train_loss=0.2028 val_loss=0.0000 | AUROC=0.920 [0.857–0.970] AUPRC=0.853 Acc(opt)=0.000@thr=0.00 | Sens=0.818 Spec=0.940 PPV=0.800 F1=0.809 | Brier=0.0724 ECE=0.0740 uncert=18.75 lr=2.71e-04 (0s)
2026-07-28 11:41:45,824 | ★ New best AUROC=0.9196 → saved checkpoint
2026-07-28 11:42:33,640 | Metric error: name 'accuracy_score' is not defined
2026-07-28 11:42:33,643 | Epoch 65/300 | train_loss=0.1884 val_loss=0.0000 | AUROC=0.896 [0.821–0.959] AUPRC=0.840 Acc(opt)=0.000@thr=0.00 | Sens=0.795 Spec=0.934 PPV=0.778 F1=0.787 | Brier=0.0858 ECE=0.0984 uncert=18.75 lr=2.70e-04 (0s)
2026-07-28 11:43:21,244 | Metric error: name 'accuracy_score' is not defined
2026-07-28 11:43:21,252 | Epoch 66/300 | train_loss=0.1621 val_loss=0.0000 | AUROC=0.896 [0.819–0.958] AUPRC=0.830 Acc(opt)=0.000@thr=0.00 | Sens=0.795 Spec=0.940 PPV=0.795 F1=0.795 | Brier=0.0790 ECE=0.0874 uncert=18.75 lr=2.69e-04 (0s)
2026-07-28 11:44:08,455 | Metric error: name 'accuracy_score' is not defined
2026-07-28 11:44:08,459 | Epoch 67/300 | train_loss=0.1909 val_loss=0.0000 | AUROC=0.915 [0.852–0.961] AUPRC=0.842 Acc(opt)=0.000@thr=0.00 | Sens=0.750 Spec=0.980 PPV=0.917 F1=0.825 | Brier=0.0785 ECE=0.1202 uncert=18.75 lr=2.68e-04 (0s)
2026-07-28 11:44:55,530 | Metric error: name 'accuracy_score' is not defined
2026-07-28 11:44:55,537 | Epoch 68/300 | train_loss=0.1771 val_loss=0.0000 | AUROC=0.900 [0.831–0.954] AUPRC=0.852 Acc(opt)=0.000@thr=0.00 | Sens=0.818 Spec=0.927 PPV=0.766 F1=0.791 | Brier=0.0919 ECE=0.1339 uncert=18.75 lr=2.67e-04 (0s)
2026-07-28 11:45:43,161 | Metric error: name 'accuracy_score' is not defined
2026-07-28 11:45:43,165 | Epoch 69/300 | train_loss=0.1867 val_loss=0.0000 | AUROC=0.904 [0.830–0.962] AUPRC=0.846 Acc(opt)=0.000@thr=0.00 | Sens=0.773 Spec=0.960 PPV=0.850 F1=0.810 | Brier=0.0657 ECE=0.0551 uncert=18.75 lr=2.66e-04 (0s)
2026-07-28 11:46:30,347 | Metric error: name 'accuracy_score' is not defined
2026-07-28 11:46:30,353 | Epoch 70/300 | train_loss=0.1802 val_loss=0.0000 | AUROC=0.885 [0.810–0.943] AUPRC=0.841 Acc(opt)=0.000@thr=0.00 | Sens=0.750 Spec=0.987 PPV=0.943 F1=0.835 | Brier=0.0649 ECE=0.0397 uncert=18.75 lr=2.65e-04 (0s)
2026-07-28 11:47:17,157 | Metric error: name 'accuracy_score' is not defined
2026-07-28 11:47:17,161 | Epoch 71/300 | train_loss=0.1624 val_loss=0.0000 | AUROC=0.906 [0.838–0.958] AUPRC=0.854 Acc(opt)=0.000@thr=0.00 | Sens=0.818 Spec=0.954 PPV=0.837 F1=0.828 | Brier=0.0820 ECE=0.0962 uncert=18.75 lr=2.64e-04 (0s)
2026-07-28 11:48:03,932 | Metric error: name 'accuracy_score' is not defined
2026-07-28 11:48:03,938 | Epoch 72/300 | train_loss=0.1564 val_loss=0.0000 | AUROC=0.894 [0.815–0.955] AUPRC=0.804 Acc(opt)=0.000@thr=0.00 | Sens=0.773 Spec=0.947 PPV=0.810 F1=0.791 | Brier=0.0913 ECE=0.0889 uncert=18.75 lr=2.63e-04 (0s)
2026-07-28 11:48:51,522 | Metric error: name 'accuracy_score' is not defined
2026-07-28 11:48:51,529 | Epoch 73/300 | train_loss=0.1756 val_loss=0.0000 | AUROC=0.917 [0.853–0.960] AUPRC=0.840 Acc(opt)=0.000@thr=0.00 | Sens=0.818 Spec=0.921 PPV=0.750 F1=0.783 | Brier=0.0847 ECE=0.0827 uncert=18.38 lr=2.61e-04 (0s)
2026-07-28 11:49:38,497 | Metric error: name 'accuracy_score' is not defined
2026-07-28 11:49:38,503 | Epoch 74/300 | train_loss=0.1620 val_loss=0.0000 | AUROC=0.910 [0.841–0.961] AUPRC=0.834 Acc(opt)=0.000@thr=0.00 | Sens=0.773 Spec=0.967 PPV=0.872 F1=0.819 | Brier=0.0679 ECE=0.0524 uncert=17.38 lr=2.60e-04 (0s)
2026-07-28 11:50:26,029 | Metric error: name 'accuracy_score' is not defined
2026-07-28 11:50:26,032 | Epoch 75/300 | train_loss=0.1597 val_loss=0.0000 | AUROC=0.885 [0.799–0.946] AUPRC=0.833 Acc(opt)=0.000@thr=0.00 | Sens=0.773 Spec=0.874 PPV=0.642 F1=0.701 | Brier=0.1062 ECE=0.1145 uncert=17.12 lr=2.59e-04 (0s)
2026-07-28 11:51:13,044 | Metric error: name 'accuracy_score' is not defined
2026-07-28 11:51:13,051 | Epoch 76/300 | train_loss=0.1843 val_loss=0.0000 | AUROC=0.877 [0.785–0.944] AUPRC=0.810 Acc(opt)=0.000@thr=0.00 | Sens=0.750 Spec=0.914 PPV=0.717 F1=0.733 | Brier=0.0918 ECE=0.1078 uncert=18.75 lr=2.58e-04 (0s)
2026-07-28 11:52:00,436 | Metric error: name 'accuracy_score' is not defined
2026-07-28 11:52:00,439 | Epoch 77/300 | train_loss=0.1682 val_loss=0.0000 | AUROC=0.890 [0.799–0.958] AUPRC=0.855 Acc(opt)=0.000@thr=0.00 | Sens=0.818 Spec=0.940 PPV=0.800 F1=0.809 | Brier=0.0784 ECE=0.0820 uncert=18.75 lr=2.57e-04 (0s)
2026-07-28 11:52:46,306 | Metric error: name 'accuracy_score' is not defined
2026-07-28 11:52:46,309 | Epoch 78/300 | train_loss=0.1965 val_loss=0.0000 | AUROC=0.880 [0.798–0.949] AUPRC=0.831 Acc(opt)=0.000@thr=0.00 | Sens=0.750 Spec=0.980 PPV=0.917 F1=0.825 | Brier=0.0689 ECE=0.0612 uncert=18.75 lr=2.56e-04 (0s)
2026-07-28 11:53:34,345 | Metric error: name 'accuracy_score' is not defined
2026-07-28 11:53:34,351 | Epoch 79/300 | train_loss=0.1546 val_loss=0.0000 | AUROC=0.867 [0.782–0.932] AUPRC=0.823 Acc(opt)=0.000@thr=0.00 | Sens=0.727 Spec=0.967 PPV=0.865 F1=0.790 | Brier=0.0765 ECE=0.0608 uncert=18.75 lr=2.55e-04 (0s)
2026-07-28 11:54:21,253 | Metric error: name 'accuracy_score' is not defined
2026-07-28 11:54:21,256 | Epoch 80/300 | train_loss=0.1789 val_loss=0.0000 | AUROC=0.889 [0.818–0.946] AUPRC=0.834 Acc(opt)=0.000@thr=0.00 | Sens=0.750 Spec=0.980 PPV=0.917 F1=0.825 | Brier=0.0683 ECE=0.0584 uncert=18.75 lr=2.54e-04 (0s)
2026-07-28 11:54:22,142 | Checkpoint saved: models/checkpoint_epoch80.weights.h5
2026-07-28 11:55:09,368 | Metric error: name 'accuracy_score' is not defined
2026-07-28 11:55:09,373 | Epoch 81/300 | train_loss=0.1506 val_loss=0.0000 | AUROC=0.899 [0.818–0.957] AUPRC=0.846 Acc(opt)=0.000@thr=0.00 | Sens=0.727 Spec=0.967 PPV=0.865 F1=0.790 | Brier=0.0753 ECE=0.0603 uncert=18.12 lr=2.52e-04 (0s)
2026-07-28 11:55:56,422 | Metric error: name 'accuracy_score' is not defined
2026-07-28 11:55:56,428 | Epoch 82/300 | train_loss=0.1372 val_loss=0.0000 | AUROC=0.902 [0.821–0.958] AUPRC=0.857 Acc(opt)=0.000@thr=0.00 | Sens=0.727 Spec=0.974 PPV=0.889 F1=0.800 | Brier=0.0689 ECE=0.0672 uncert=17.50 lr=2.51e-04 (0s)
2026-07-28 11:56:44,639 | Metric error: name 'accuracy_score' is not defined
2026-07-28 11:56:44,644 | Epoch 83/300 | train_loss=0.1457 val_loss=0.0000 | AUROC=0.908 [0.834–0.957] AUPRC=0.871 Acc(opt)=0.000@thr=0.00 | Sens=0.773 Spec=0.947 PPV=0.810 F1=0.791 | Brier=0.0778 ECE=0.0778 uncert=18.62 lr=2.50e-04 (0s)
2026-07-28 11:57:31,379 | Metric error: name 'accuracy_score' is not defined
2026-07-28 11:57:31,384 | Epoch 84/300 | train_loss=0.1384 val_loss=0.0000 | AUROC=0.917 [0.851–0.964] AUPRC=0.858 Acc(opt)=0.000@thr=0.00 | Sens=0.795 Spec=0.954 PPV=0.833 F1=0.814 | Brier=0.0676 ECE=0.0641 uncert=18.62 lr=2.49e-04 (0s)
2026-07-28 11:58:19,296 | Metric error: name 'accuracy_score' is not defined
2026-07-28 11:58:19,303 | Epoch 85/300 | train_loss=0.1396 val_loss=0.0000 | AUROC=0.913 [0.846–0.964] AUPRC=0.848 Acc(opt)=0.000@thr=0.00 | Sens=0.818 Spec=0.914 PPV=0.735 F1=0.774 | Brier=0.0807 ECE=0.0770 uncert=18.25 lr=2.47e-04 (0s)
2026-07-28 11:59:05,619 | Metric error: name 'accuracy_score' is not defined
2026-07-28 11:59:05,626 | Epoch 86/300 | train_loss=0.1297 val_loss=0.0000 | AUROC=0.912 [0.839–0.965] AUPRC=0.853 Acc(opt)=0.000@thr=0.00 | Sens=0.750 Spec=0.960 PPV=0.846 F1=0.795 | Brier=0.0703 ECE=0.0709 uncert=16.62 lr=2.46e-04 (0s)
2026-07-28 11:59:53,359 | Metric error: name 'accuracy_score' is not defined
2026-07-28 11:59:53,366 | Epoch 87/300 | train_loss=0.1265 val_loss=0.0000 | AUROC=0.900 [0.828–0.951] AUPRC=0.846 Acc(opt)=0.000@thr=0.00 | Sens=0.773 Spec=0.927 PPV=0.756 F1=0.764 | Brier=0.0748 ECE=0.0806 uncert=17.38 lr=2.45e-04 (0s)
2026-07-28 12:00:39,849 | Metric error: name 'accuracy_score' is not defined
2026-07-28 12:00:39,852 | Epoch 88/300 | train_loss=0.1404 val_loss=0.0000 | AUROC=0.901 [0.822–0.955] AUPRC=0.844 Acc(opt)=0.000@thr=0.00 | Sens=0.795 Spec=0.914 PPV=0.729 F1=0.761 | Brier=0.0865 ECE=0.0854 uncert=15.81 lr=2.44e-04 (0s)
2026-07-28 12:01:26,763 | Metric error: name 'accuracy_score' is not defined
2026-07-28 12:01:26,769 | Epoch 89/300 | train_loss=0.1277 val_loss=0.0000 | AUROC=0.900 [0.829–0.955] AUPRC=0.843 Acc(opt)=0.000@thr=0.00 | Sens=0.750 Spec=0.974 PPV=0.892 F1=0.815 | Brier=0.0719 ECE=0.0770 uncert=13.38 lr=2.42e-04 (0s)
2026-07-28 12:02:12,921 | Metric error: name 'accuracy_score' is not defined
2026-07-28 12:02:12,925 | Epoch 90/300 | train_loss=0.1110 val_loss=0.0000 | AUROC=0.900 [0.826–0.957] AUPRC=0.844 Acc(opt)=0.000@thr=0.00 | Sens=0.750 Spec=0.947 PPV=0.805 F1=0.776 | Brier=0.0738 ECE=0.0737 uncert=16.50 lr=2.41e-04 (0s)
2026-07-28 12:03:00,212 | Metric error: name 'accuracy_score' is not defined
2026-07-28 12:03:00,217 | Epoch 91/300 | train_loss=0.1231 val_loss=0.0000 | AUROC=0.887 [0.816–0.943] AUPRC=0.822 Acc(opt)=0.000@thr=0.00 | Sens=0.750 Spec=0.940 PPV=0.786 F1=0.767 | Brier=0.0890 ECE=0.1040 uncert=15.00 lr=2.40e-04 (0s)
2026-07-28 12:03:46,656 | Metric error: name 'accuracy_score' is not defined
2026-07-28 12:03:46,659 | Epoch 92/300 | train_loss=0.1427 val_loss=0.0000 | AUROC=0.890 [0.813–0.946] AUPRC=0.831 Acc(opt)=0.000@thr=0.00 | Sens=0.773 Spec=0.848 PPV=0.596 F1=0.673 | Brier=0.1060 ECE=0.1172 uncert=16.12 lr=2.39e-04 (0s)
2026-07-28 12:04:33,773 | Metric error: name 'accuracy_score' is not defined
2026-07-28 12:04:33,780 | Epoch 93/300 | train_loss=0.0995 val_loss=0.0000 | AUROC=0.911 [0.834–0.969] AUPRC=0.858 Acc(opt)=0.000@thr=0.00 | Sens=0.773 Spec=0.921 PPV=0.739 F1=0.756 | Brier=0.0778 ECE=0.0793 uncert=14.38 lr=2.37e-04 (0s)
2026-07-28 12:05:20,053 | Metric error: name 'accuracy_score' is not defined
2026-07-28 12:05:20,056 | Epoch 94/300 | train_loss=0.0924 val_loss=0.0000 | AUROC=0.913 [0.844–0.966] AUPRC=0.873 Acc(opt)=0.000@thr=0.00 | Sens=0.750 Spec=0.967 PPV=0.868 F1=0.805 | Brier=0.0707 ECE=0.0750 uncert=13.81 lr=2.36e-04 (0s)
2026-07-28 12:05:20,092 | Early stopping at epoch 94

 Total params: 17,122,720 (65.32 MB)
 Trainable params: 17,110,944 (65.27 MB)
 Non-trainable params: 11,776 (46.00 KB)
[2026-07-28 12:05:21] ======================================================================
[2026-07-28 12:05:21] PHASE 3: COMPREHENSIVE EVALUATION ON HELD-OUT TEST SET
[2026-07-28 12:05:21] ======================================================================
[2026-07-28 12:05:49]   Test set: 198 samples, 44 positive (22.2%)
[2026-07-28 12:05:49] 
  ── Core Metrics (threshold=0.5) ──
[2026-07-28 12:05:49] 
  ── Multi-Threshold Analysis ──
[2026-07-28 12:05:50]     thr=0.10: Sens=0.864 Spec=0.494 PPV=0.328 NPV=0.927 F1=0.475 J=0.357
[2026-07-28 12:05:51]     thr=0.20: Sens=0.727 Spec=0.766 PPV=0.471 NPV=0.908 F1=0.571 J=0.494
[2026-07-28 12:05:52]     thr=0.30: Sens=0.705 Spec=0.844 PPV=0.564 NPV=0.909 F1=0.626 J=0.549
[2026-07-28 12:05:52]     thr=0.40: Sens=0.705 Spec=0.890 PPV=0.646 NPV=0.913 F1=0.674 J=0.594
[2026-07-28 12:05:53]     thr=0.50: Sens=0.705 Spec=0.929 PPV=0.738 NPV=0.917 F1=0.721 J=0.633
[2026-07-28 12:05:54]     thr=0.60: Sens=0.705 Spec=0.948 PPV=0.795 NPV=0.918 F1=0.747 J=0.653
[2026-07-28 12:05:55]     thr=0.70: Sens=0.659 Spec=0.981 PPV=0.906 NPV=0.910 F1=0.763 J=0.640
[2026-07-28 12:05:55]     thr=0.80: Sens=0.614 Spec=0.987 PPV=0.931 NPV=0.899 F1=0.740 J=0.601
[2026-07-28 12:05:55] 
  Optimal threshold (Youden's J): 0.60 (J=0.653)
[2026-07-28 12:05:55] 
  ── Metrics at Optimal Threshold (0.6) ──
[2026-07-28 12:05:56] 
  ── Calibration Analysis ──
[2026-07-28 12:05:56]     ECE: 0.0873
[2026-07-28 12:05:56]     MCE: 0.5456
[2026-07-28 12:05:56]     Brier: 0.1032
[2026-07-28 12:05:56]       bin [0.00–0.10]: observed=0.073 expected=0.039
[2026-07-28 12:05:56]       bin [0.10–0.20]: observed=0.125 expected=0.139
[2026-07-28 12:05:56]       bin [0.20–0.30]: observed=0.077 expected=0.255
[2026-07-28 12:05:56]       bin [0.30–0.40]: observed=0.000 expected=0.359
[2026-07-28 12:05:56]       bin [0.40–0.50]: observed=0.000 expected=0.448
[2026-07-28 12:05:56]       bin [0.50–0.60]: observed=0.000 expected=0.546
[2026-07-28 12:05:56]       bin [0.60–0.70]: observed=0.286 expected=0.640
[2026-07-28 12:05:56]       bin [0.70–0.80]: observed=0.667 expected=0.749
[2026-07-28 12:05:56]       bin [0.90–1.00]: observed=0.931 expected=0.996
[2026-07-28 12:05:56] 
  ── Subgroup Calibration ──
[2026-07-28 12:06:00] 
  ── Decision Curve Analysis ──
[2026-07-28 12:06:00]     Max net benefit: 0.2050 at threshold 0.010
[2026-07-28 12:06:00]     Net benefit at 0.10: 0.1481
[2026-07-28 12:06:00]     Net benefit at 0.20: 0.1162
[2026-07-28 12:06:00]     Net benefit at 0.30: 0.1046
[2026-07-28 12:06:00]     Model beats treat-all for thresholds: [0.08, 0.98]
[2026-07-28 12:06:00] 
  ── Uncertainty Analysis ──
[2026-07-28 12:06:00]     Mean predicted risk: 4.7503
[2026-07-28 12:06:00]     Mean uncertainty (σ): 20.0896
[2026-07-28 12:06:00]     Median σ: 20.1250
[2026-07-28 12:06:00] 
  ── Survival Analysis ──
[2026-07-28 12:06:00]     Survival curve shape: (198, 13)
[2026-07-28 12:06:00]     Mean survival at t=0: 1.0000
[2026-07-28 12:06:00]     Mean survival at t=end: 0.0000
[2026-07-28 12:06:00] 
  ── Risk Stratification ──
[2026-07-28 12:06:00]     [0.00, 0.05): n=  52 prevalence=0.077
[2026-07-28 12:06:00]     [0.05, 0.15): n=  64 prevalence=0.109
[2026-07-28 12:06:00]     [0.15, 0.30): n=  27 prevalence=0.074
[2026-07-28 12:06:00]     [0.30, 0.50): n=  13 prevalence=0.000
[2026-07-28 12:06:00]     [0.50, 1.01): n=  42 prevalence=0.738
[2026-07-28 12:06:00] 
  ── Prediction Distribution ──
[2026-07-28 12:06:00]     Risk range: [0.0000, 1.0000]
[2026-07-28 12:06:00]     Risk mean±std: 0.2809 ± 0.3388
[2026-07-28 12:06:00]     Percentiles: p10=0.0151 p25=0.0414 p50=0.1274 p75=0.3779 p90=1.0000
[2026-07-28 12:06:00] 
  ── Bootstrap 95% CIs ──
[2026-07-28 12:06:00]     AUROC: 0.8257 [0.7512, 0.8990]
[2026-07-28 12:06:01]     AUPRC: 0.7442 [0.6208, 0.8481]
[2026-07-28 12:06:01]     Sens@0.5: 0.7045 [0.5833, 0.8207]
[2026-07-28 12:06:01]     Spec@0.5: 0.9286 [0.8805, 0.9676]
[2026-07-28 12:06:01] 
  Results saved: results/evaluation_results.json
[2026-07-28 12:06:02] 
  Final model saved: models/ohca_model_final.weights.h5
[2026-07-28 12:06:02]   Config saved: models/config.json
[2026-07-28 12:06:02] 
  To use the model:
[2026-07-28 12:06:02]     from ohca_predictor.pipeline import OHCAPredictorPipeline
[2026-07-28 12:06:02]     pipe = OHCAPredictorPipeline.load('models/ohca_model_final.weights.h5')
[2026-07-28 12:06:02]     result = pipe.predict(ecg=ecg, accelerometer=accel, ppg=ppg, ...)
[2026-07-28 12:06:02]     print(result.risk, result.uncertainty, result.high_risk)
[2026-07-28 12:06:02] 
======================================================================
[2026-07-28 12:06:02] PIPELINE COMPLETE
[2026-07-28 12:06:02]   Total time: 1.55h (5574s)
[2026-07-28 12:06:02]   Best validation AUROC: 0.9196
[2026-07-28 12:06:02]   Results: results/evaluation_results.json
[2026-07-28 12:06:02]   TensorBoard: logs/pipeline/tensorboard
[2026-07-28 12:06:02]   Model: models/ohca_model_final.weights.h5
[2026-07-28 12:06:02] ======================================================================

v2 Training:

2026-07-28 14:30:54,552 | Epoch 1/300 | train_loss=4.9444 val_loss=3.2485 | AUROC=0.443 [0.367–0.528] AUPRC=0.244 Acc(opt)=0.718@thr=0.98 | Sens=0.019 Spec=0.881 PPV=0.059 F1=0.029 | Brier=0.3036 ECE=0.2872 uncert=5.08 lr=4.00e-06 (0s)
2026-07-28 14:30:56,545 | ★ New best AUROC=0.4429 → saved checkpoint
2026-07-28 14:34:41,596 | Epoch 2/300 | train_loss=4.5905 val_loss=2.8335 | AUROC=0.469 [0.388–0.564] AUPRC=0.258 Acc(opt)=0.718@thr=0.97 | Sens=0.113 Spec=0.859 PPV=0.240 F1=0.154 | Brier=0.2960 ECE=0.2799 uncert=4.81 lr=9.33e-06 (0s)
2026-07-28 14:34:42,839 | ★ New best AUROC=0.4693 → saved checkpoint
2026-07-28 14:38:27,569 | Epoch 3/300 | train_loss=5.3064 val_loss=2.6355 | AUROC=0.513 [0.425–0.604] AUPRC=0.289 Acc(opt)=0.718@thr=0.89 | Sens=0.094 Spec=0.889 PPV=0.250 F1=0.137 | Brier=0.2776 ECE=0.2574 uncert=2.72 lr=1.33e-05 (0s)
2026-07-28 14:38:28,906 | ★ New best AUROC=0.5129 → saved checkpoint
2026-07-28 14:41:58,879 | Epoch 4/300 | train_loss=3.9602 val_loss=2.0312 | AUROC=0.539 [0.450–0.640] AUPRC=0.301 Acc(opt)=0.718@thr=0.96 | Sens=0.170 Spec=0.822 PPV=0.273 F1=0.209 | Brier=0.2765 ECE=0.2440 uncert=1.29 lr=1.87e-05 (0s)
2026-07-28 14:42:00,104 | ★ New best AUROC=0.5395 → saved checkpoint
2026-07-28 14:44:49,434 | Epoch 5/300 | train_loss=3.8263 val_loss=1.5074 | AUROC=0.557 [0.472–0.654] AUPRC=0.313 Acc(opt)=0.718@thr=1.00 | Sens=0.396 Spec=0.667 PPV=0.318 F1=0.353 | Brier=0.2924 ECE=0.2419 uncert=0.63 lr=2.27e-05 (0s)
2026-07-28 14:44:50,604 | ★ New best AUROC=0.5571 → saved checkpoint
2026-07-28 15:04:22,181 | Epoch 1/300 | train_loss=3.2537 val_loss=1.6610 | AUROC=0.533 [0.420–0.622] AUPRC=0.344 Acc(opt)=0.723@thr=0.87 | Sens=0.283 Spec=0.770 PPV=0.326 F1=0.303 | Brier=0.2609 ECE=0.2323 uncert=0.34 lr=4.00e-06 (0s)
2026-07-28 15:04:24,076 | ★ New best AUROC=0.5332 → saved checkpoint
2026-07-28 15:08:16,799 | Epoch 2/300 | train_loss=2.8572 val_loss=1.7439 | AUROC=0.507 [0.404–0.593] AUPRC=0.332 Acc(opt)=0.729@thr=0.98 | Sens=0.245 Spec=0.726 PPV=0.260 F1=0.252 | Brier=0.2903 ECE=0.2589 uncert=0.97 lr=9.33e-06 (0s)
2026-07-28 15:12:19,496 | Epoch 3/300 | train_loss=2.4552 val_loss=1.5313 | AUROC=0.504 [0.425–0.584] AUPRC=0.305 Acc(opt)=0.718@thr=0.99 | Sens=0.321 Spec=0.667 PPV=0.274 F1=0.296 | Brier=0.3156 ECE=0.2867 uncert=0.63 lr=1.33e-05 (0s)
2026-07-28 15:15:55,931 | Epoch 4/300 | train_loss=2.4823 val_loss=1.3573 | AUROC=0.536 [0.460–0.618] AUPRC=0.344 Acc(opt)=0.723@thr=0.98 | Sens=0.415 Spec=0.644 PPV=0.314 F1=0.358 | Brier=0.3054 ECE=0.2767 uncert=0.17 lr=1.87e-05 (0s)
2026-07-28 15:15:57,226 | ★ New best AUROC=0.5361 → saved checkpoint
2026-07-28 15:20:03,987 | Epoch 5/300 | train_loss=1.7271 val_loss=1.3114 | AUROC=0.568 [0.484–0.642] AUPRC=0.359 Acc(opt)=0.723@thr=0.93 | Sens=0.377 Spec=0.667 PPV=0.308 F1=0.339 | Brier=0.2932 ECE=0.2614 uncert=0.08 lr=2.27e-05 (0s)
2026-07-28 15:20:04,871 | ★ New best AUROC=0.5677 → saved checkpoint
2026-07-28 15:23:52,207 | Epoch 6/300 | train_loss=2.2309 val_loss=1.3093 | AUROC=0.560 [0.467–0.632] AUPRC=0.355 Acc(opt)=0.723@thr=0.95 | Sens=0.358 Spec=0.696 PPV=0.317 F1=0.336 | Brier=0.2943 ECE=0.2611 uncert=0.07 lr=2.80e-05 (0s)
2026-07-28 15:27:06,106 | Epoch 7/300 | train_loss=2.7454 val_loss=1.3101 | AUROC=0.553 [0.459–0.628] AUPRC=0.362 Acc(opt)=0.729@thr=0.97 | Sens=0.340 Spec=0.667 PPV=0.286 F1=0.310 | Brier=0.2931 ECE=0.2596 uncert=0.09 lr=3.20e-05 (0s)
2026-07-28 15:30:35,607 | Epoch 8/300 | train_loss=2.4528 val_loss=1.3612 | AUROC=0.548 [0.460–0.625] AUPRC=0.359 Acc(opt)=0.723@thr=0.88 | Sens=0.302 Spec=0.689 PPV=0.276 F1=0.288 | Brier=0.2796 ECE=0.2654 uncert=0.11 lr=3.73e-05 (0s)
2026-07-28 15:31:13,922 | Epoch 9/300 | train_loss=8.8179 val_loss=1.3623 | AUROC=0.548 [0.460–0.624] AUPRC=0.359 Acc(opt)=0.729@thr=0.88 | Sens=0.302 Spec=0.689 PPV=0.276 F1=0.288 | Brier=0.2793 ECE=0.2652 uncert=0.11 lr=3.73e-05 (0s)
2026-07-28 15:31:46,615 | Epoch 10/300 | train_loss=2.3146 val_loss=1.3380 | AUROC=0.548 [0.466–0.630] AUPRC=0.360 Acc(opt)=0.723@thr=0.91 | Sens=0.321 Spec=0.719 PPV=0.309 F1=0.315 | Brier=0.2727 ECE=0.2550 uncert=0.14 lr=4.13e-05 (0s)
2026-07-28 15:32:17,121 | Epoch 11/300 | train_loss=2.0896 val_loss=1.2669 | AUROC=0.555 [0.478–0.653] AUPRC=0.371 Acc(opt)=0.723@thr=0.88 | Sens=0.340 Spec=0.711 PPV=0.316 F1=0.327 | Brier=0.2656 ECE=0.2258 uncert=0.15 lr=4.67e-05 (0s)
2026-07-28 15:32:50,134 | Epoch 12/300 | train_loss=2.3036 val_loss=1.3124 | AUROC=0.566 [0.484–0.659] AUPRC=0.370 Acc(opt)=0.723@thr=0.73 | Sens=0.321 Spec=0.793 PPV=0.378 F1=0.347 | Brier=0.2488 ECE=0.2079 uncert=0.22 lr=5.07e-05 (0s)
2026-07-28 15:33:22,222 | Epoch 13/300 | train_loss=1.8443 val_loss=1.5018 | AUROC=0.569 [0.485–0.664] AUPRC=0.369 Acc(opt)=0.729@thr=0.63 | Sens=0.283 Spec=0.859 PPV=0.441 F1=0.345 | Brier=0.2320 ECE=0.1735 uncert=0.34 lr=5.60e-05 (0s)
2026-07-28 15:33:23,370 | ★ New best AUROC=0.5694 → saved checkpoint
2026-07-28 15:33:56,055 | Epoch 14/300 | train_loss=2.0465 val_loss=1.8661 | AUROC=0.568 [0.486–0.668] AUPRC=0.359 Acc(opt)=0.723@thr=0.36 | Sens=0.132 Spec=0.941 PPV=0.467 F1=0.206 | Brier=0.2281 ECE=0.1439 uncert=0.41 lr=6.00e-05 (0s)
2026-07-28 15:34:28,537 | Epoch 15/300 | train_loss=3.0088 val_loss=1.6235 | AUROC=0.567 [0.485–0.672] AUPRC=0.354 Acc(opt)=0.729@thr=0.66 | Sens=0.170 Spec=0.904 PPV=0.409 F1=0.240 | Brier=0.2297 ECE=0.1569 uncert=0.44 lr=6.53e-05 (0s)
2026-07-28 15:35:00,579 | Epoch 16/300 | train_loss=2.0457 val_loss=1.3345 | AUROC=0.567 [0.489–0.667] AUPRC=0.351 Acc(opt)=0.718@thr=0.75 | Sens=0.283 Spec=0.800 PPV=0.357 F1=0.316 | Brier=0.2402 ECE=0.1765 uncert=0.44 lr=6.93e-05 (0s)
2026-07-28 15:35:33,449 | Epoch 17/300 | train_loss=2.0138 val_loss=1.1945 | AUROC=0.592 [0.519–0.692] AUPRC=0.364 Acc(opt)=0.718@thr=0.73 | Sens=0.358 Spec=0.756 PPV=0.365 F1=0.362 | Brier=0.2386 ECE=0.1835 uncert=0.44 lr=7.47e-05 (0s)
2026-07-28 15:35:34,407 | ★ New best AUROC=0.5920 → saved checkpoint
2026-07-28 15:35:58,008 | Epoch 18/300 | train_loss=0.1234 val_loss=1.1956 | AUROC=0.592 [0.518–0.693] AUPRC=0.363 Acc(opt)=0.718@thr=0.72 | Sens=0.340 Spec=0.756 PPV=0.353 F1=0.346 | Brier=0.2384 ECE=0.1787 uncert=0.45 lr=7.47e-05 (0s)
2026-07-28 15:36:30,976 | Epoch 19/300 | train_loss=1.9890 val_loss=1.1276 | AUROC=0.616 [0.545–0.727] AUPRC=0.410 Acc(opt)=0.734@thr=0.65 | Sens=0.396 Spec=0.770 PPV=0.404 F1=0.400 | Brier=0.2308 ECE=0.1630 uncert=0.31 lr=8.00e-05 (0s)
2026-07-28 15:36:32,135 | ★ New best AUROC=0.6164 → saved checkpoint
2026-07-28 15:37:04,603 | Epoch 20/300 | train_loss=2.3344 val_loss=1.0232 | AUROC=0.624 [0.537–0.736] AUPRC=0.441 Acc(opt)=0.761@thr=0.78 | Sens=0.491 Spec=0.689 PPV=0.382 F1=0.430 | Brier=0.2418 ECE=0.1778 uncert=0.31 lr=8.40e-05 (0s)
2026-07-28 15:37:05,718 | ★ New best AUROC=0.6243 → saved checkpoint
2026-07-28 15:37:06,772 | Checkpoint saved: models/checkpoint_epoch20.weights.h5
2026-07-28 15:37:39,887 | Epoch 21/300 | train_loss=1.4764 val_loss=1.0499 | AUROC=0.648 [0.553–0.747] AUPRC=0.502 Acc(opt)=0.766@thr=0.78 | Sens=0.434 Spec=0.748 PPV=0.404 F1=0.418 | Brier=0.2178 ECE=0.1428 uncert=0.53 lr=8.93e-05 (0s)
2026-07-28 15:37:41,022 | ★ New best AUROC=0.6485 → saved checkpoint
2026-07-28 15:38:14,095 | Epoch 22/300 | train_loss=1.4155 val_loss=1.2922 | AUROC=0.653 [0.562–0.749] AUPRC=0.512 Acc(opt)=0.766@thr=0.53 | Sens=0.377 Spec=0.896 PPV=0.588 F1=0.460 | Brier=0.1946 ECE=0.1246 uncert=1.13 lr=9.33e-05 (0s)
2026-07-28 15:38:15,155 | ★ New best AUROC=0.6531 → saved checkpoint
2026-07-28 15:38:48,297 | Epoch 23/300 | train_loss=2.0749 val_loss=2.0273 | AUROC=0.657 [0.560–0.758] AUPRC=0.527 Acc(opt)=0.766@thr=0.28 | Sens=0.094 Spec=1.000 PPV=1.000 F1=0.172 | Brier=0.2115 ECE=0.1819 uncert=2.70 lr=9.87e-05 (0s)
2026-07-28 15:38:49,327 | ★ New best AUROC=0.6572 → saved checkpoint
2026-07-28 15:39:21,267 | Epoch 24/300 | train_loss=1.9708 val_loss=1.8417 | AUROC=0.665 [0.580–0.763] AUPRC=0.532 Acc(opt)=0.766@thr=0.35 | Sens=0.132 Spec=0.993 PPV=0.875 F1=0.230 | Brier=0.2050 ECE=0.1720 uncert=3.35 lr=1.03e-04 (0s)
2026-07-28 15:39:22,409 | ★ New best AUROC=0.6647 → saved checkpoint
2026-07-28 15:39:55,050 | Epoch 25/300 | train_loss=1.6536 val_loss=1.5085 | AUROC=0.668 [0.577–0.762] AUPRC=0.512 Acc(opt)=0.755@thr=0.62 | Sens=0.189 Spec=0.956 PPV=0.625 F1=0.290 | Brier=0.1974 ECE=0.1416 uncert=3.71 lr=1.08e-04 (0s)
2026-07-28 15:39:56,180 | ★ New best AUROC=0.6681 → saved checkpoint
2026-07-28 15:40:28,761 | Epoch 26/300 | train_loss=1.3608 val_loss=1.3219 | AUROC=0.659 [0.575–0.755] AUPRC=0.494 Acc(opt)=0.755@thr=0.62 | Sens=0.226 Spec=0.896 PPV=0.462 F1=0.304 | Brier=0.1985 ECE=0.1332 uncert=3.37 lr=1.12e-04 (0s)
2026-07-28 15:40:52,821 | Epoch 27/300 | train_loss=3.2389 val_loss=1.3226 | AUROC=0.659 [0.575–0.754] AUPRC=0.494 Acc(opt)=0.755@thr=0.62 | Sens=0.226 Spec=0.896 PPV=0.462 F1=0.304 | Brier=0.1985 ECE=0.1335 uncert=3.39 lr=1.12e-04 (0s)
2026-07-28 15:41:25,551 | Epoch 28/300 | train_loss=1.5118 val_loss=1.0260 | AUROC=0.655 [0.566–0.746] AUPRC=0.481 Acc(opt)=0.750@thr=0.87 | Sens=0.472 Spec=0.778 PPV=0.455 F1=0.463 | Brier=0.2176 ECE=0.1515 uncert=2.50 lr=1.17e-04 (0s)
2026-07-28 15:41:57,924 | Epoch 29/300 | train_loss=1.6323 val_loss=1.2516 | AUROC=0.647 [0.558–0.750] AUPRC=0.472 Acc(opt)=0.750@thr=0.72 | Sens=0.358 Spec=0.874 PPV=0.528 F1=0.427 | Brier=0.2072 ECE=0.1348 uncert=2.73 lr=1.21e-04 (0s)
2026-07-28 15:42:31,058 | Epoch 30/300 | train_loss=1.1735 val_loss=2.0887 | AUROC=0.631 [0.528–0.734] AUPRC=0.458 Acc(opt)=0.745@thr=0.50 | Sens=0.151 Spec=0.978 PPV=0.727 F1=0.250 | Brier=0.2204 ECE=0.2047 uncert=3.39 lr=1.27e-04 (0s)
2026-07-28 15:43:03,811 | Epoch 31/300 | train_loss=1.4136 val_loss=2.7111 | AUROC=0.596 [0.494–0.697] AUPRC=0.425 Acc(opt)=0.729@thr=0.08 | Sens=0.038 Spec=0.985 PPV=0.500 F1=0.070 | Brier=0.2418 ECE=0.2266 uncert=3.15 lr=1.31e-04 (0s)
2026-07-28 15:43:36,639 | Epoch 32/300 | train_loss=1.7256 val_loss=2.7833 | AUROC=0.573 [0.485–0.672] AUPRC=0.405 Acc(opt)=0.729@thr=0.47 | Sens=0.038 Spec=0.993 PPV=0.667 F1=0.071 | Brier=0.2457 ECE=0.2227 uncert=2.38 lr=1.36e-04 (0s)
2026-07-28 15:44:08,583 | Epoch 33/300 | train_loss=1.8571 val_loss=1.4995 | AUROC=0.592 [0.505–0.680] AUPRC=0.426 Acc(opt)=0.739@thr=0.84 | Sens=0.170 Spec=0.919 PPV=0.450 F1=0.247 | Brier=0.2122 ECE=0.1243 uncert=2.30 lr=1.40e-04 (0s)
2026-07-28 15:44:41,252 | Epoch 34/300 | train_loss=1.3957 val_loss=0.8870 | AUROC=0.607 [0.516–0.704] AUPRC=0.429 Acc(opt)=0.734@thr=0.91 | Sens=0.547 Spec=0.630 PPV=0.367 F1=0.439 | Brier=0.2547 ECE=0.2215 uncert=3.13 lr=1.45e-04 (0s)
2026-07-28 15:45:11,543 | Epoch 35/300 | train_loss=1.2416 val_loss=1.0629 | AUROC=0.616 [0.526–0.713] AUPRC=0.429 Acc(opt)=0.734@thr=0.83 | Sens=0.377 Spec=0.844 PPV=0.488 F1=0.426 | Brier=0.2068 ECE=0.1139 uncert=5.17 lr=1.49e-04 (0s)
2026-07-28 15:45:35,468 | Epoch 36/300 | train_loss=0.9871 val_loss=1.0641 | AUROC=0.616 [0.526–0.713] AUPRC=0.430 Acc(opt)=0.734@thr=0.81 | Sens=0.377 Spec=0.844 PPV=0.488 F1=0.426 | Brier=0.2068 ECE=0.1222 uncert=5.20 lr=1.49e-04 (0s)
2026-07-28 15:46:07,869 | Epoch 37/300 | train_loss=1.5310 val_loss=1.0623 | AUROC=0.615 [0.524–0.712] AUPRC=0.428 Acc(opt)=0.734@thr=0.83 | Sens=0.377 Spec=0.844 PPV=0.488 F1=0.426 | Brier=0.2077 ECE=0.1150 uncert=5.17 lr=1.49e-04 (0s)
2026-07-28 15:46:39,401 | Epoch 38/300 | train_loss=1.4869 val_loss=1.0713 | AUROC=0.615 [0.526–0.711] AUPRC=0.428 Acc(opt)=0.734@thr=0.83 | Sens=0.340 Spec=0.844 PPV=0.462 F1=0.391 | Brier=0.2077 ECE=0.1120 uncert=5.32 lr=1.49e-04 (0s)
2026-07-28 15:47:11,708 | Epoch 39/300 | train_loss=1.3351 val_loss=1.0754 | AUROC=0.614 [0.526–0.709] AUPRC=0.428 Acc(opt)=0.734@thr=0.83 | Sens=0.340 Spec=0.844 PPV=0.462 F1=0.391 | Brier=0.2077 ECE=0.1076 uncert=5.35 lr=1.49e-04 (0s)
2026-07-28 15:47:44,928 | Epoch 40/300 | train_loss=1.3716 val_loss=1.0756 | AUROC=0.612 [0.526–0.707] AUPRC=0.426 Acc(opt)=0.734@thr=0.82 | Sens=0.340 Spec=0.844 PPV=0.462 F1=0.391 | Brier=0.2079 ECE=0.1056 uncert=5.36 lr=1.49e-04 (0s)
2026-07-28 15:47:46,012 | Checkpoint saved: models/checkpoint_epoch40.weights.h5
2026-07-28 15:48:18,722 | Epoch 41/300 | train_loss=1.4630 val_loss=1.0814 | AUROC=0.613 [0.527–0.708] AUPRC=0.425 Acc(opt)=0.734@thr=0.81 | Sens=0.340 Spec=0.859 PPV=0.486 F1=0.400 | Brier=0.2076 ECE=0.1158 uncert=5.44 lr=1.49e-04 (0s)
2026-07-28 15:49:09,977 | Epoch 42/300 | train_loss=1.7060 val_loss=1.0823 | AUROC=0.613 [0.527–0.709] AUPRC=0.425 Acc(opt)=0.734@thr=0.81 | Sens=0.321 Spec=0.859 PPV=0.472 F1=0.382 | Brier=0.2078 ECE=0.1108 uncert=5.45 lr=1.49e-04 (0s)
2026-07-28 15:49:42,386 | Epoch 43/300 | train_loss=1.3374 val_loss=1.0896 | AUROC=0.613 [0.528–0.709] AUPRC=0.425 Acc(opt)=0.734@thr=0.80 | Sens=0.340 Spec=0.859 PPV=0.486 F1=0.400 | Brier=0.2074 ECE=0.1158 uncert=5.60 lr=1.49e-04 (0s)
2026-07-28 15:50:14,146 | Epoch 44/300 | train_loss=1.2367 val_loss=1.0840 | AUROC=0.612 [0.526–0.708] AUPRC=0.425 Acc(opt)=0.734@thr=0.81 | Sens=0.321 Spec=0.859 PPV=0.472 F1=0.382 | Brier=0.2076 ECE=0.1137 uncert=5.49 lr=1.49e-04 (0s)
2026-07-28 15:50:37,702 | Epoch 45/300 | train_loss=0.0174 val_loss=1.0847 | AUROC=0.612 [0.527–0.707] AUPRC=0.425 Acc(opt)=0.734@thr=0.81 | Sens=0.321 Spec=0.859 PPV=0.472 F1=0.382 | Brier=0.2076 ECE=0.1136 uncert=5.51 lr=1.49e-04 (0s)
2026-07-28 15:51:09,567 | Epoch 46/300 | train_loss=1.2329 val_loss=1.0778 | AUROC=0.612 [0.526–0.708] AUPRC=0.425 Acc(opt)=0.734@thr=0.82 | Sens=0.340 Spec=0.852 PPV=0.474 F1=0.396 | Brier=0.2083 ECE=0.1044 uncert=5.40 lr=1.49e-04 (0s)
2026-07-28 15:51:42,305 | Epoch 47/300 | train_loss=1.4779 val_loss=1.0836 | AUROC=0.613 [0.527–0.709] AUPRC=0.425 Acc(opt)=0.734@thr=0.82 | Sens=0.340 Spec=0.852 PPV=0.474 F1=0.396 | Brier=0.2082 ECE=0.1134 uncert=5.49 lr=1.49e-04 (0s)
2026-07-28 15:52:14,143 | Epoch 48/300 | train_loss=1.0797 val_loss=1.0850 | AUROC=0.613 [0.527–0.709] AUPRC=0.425 Acc(opt)=0.734@thr=0.82 | Sens=0.321 Spec=0.859 PPV=0.472 F1=0.382 | Brier=0.2081 ECE=0.1124 uncert=5.48 lr=1.49e-04 (0s)
2026-07-28 15:52:46,709 | Epoch 49/300 | train_loss=1.1913 val_loss=1.0820 | AUROC=0.612 [0.526–0.709] AUPRC=0.424 Acc(opt)=0.734@thr=0.82 | Sens=0.340 Spec=0.852 PPV=0.474 F1=0.396 | Brier=0.2083 ECE=0.1133 uncert=5.46 lr=1.49e-04 (0s)
2026-07-28 15:53:19,358 | Epoch 50/300 | train_loss=1.7453 val_loss=1.0862 | AUROC=0.613 [0.527–0.708] AUPRC=0.425 Acc(opt)=0.734@thr=0.81 | Sens=0.321 Spec=0.859 PPV=0.472 F1=0.382 | Brier=0.2079 ECE=0.1093 uncert=5.52 lr=1.49e-04 (0s)
2026-07-28 15:53:52,644 | Epoch 51/300 | train_loss=1.3426 val_loss=1.0854 | AUROC=0.613 [0.527–0.709] AUPRC=0.425 Acc(opt)=0.734@thr=0.81 | Sens=0.321 Spec=0.859 PPV=0.472 F1=0.382 | Brier=0.2079 ECE=0.1094 uncert=5.50 lr=1.49e-04 (0s)
2026-07-28 15:54:25,759 | Epoch 52/300 | train_loss=1.2821 val_loss=1.0918 | AUROC=0.612 [0.526–0.706] AUPRC=0.424 Acc(opt)=0.734@thr=0.80 | Sens=0.321 Spec=0.859 PPV=0.472 F1=0.382 | Brier=0.2074 ECE=0.1035 uncert=5.63 lr=1.49e-04 (0s)
2026-07-28 15:54:58,691 | Epoch 53/300 | train_loss=1.2842 val_loss=1.0852 | AUROC=0.612 [0.526–0.708] AUPRC=0.425 Acc(opt)=0.734@thr=0.81 | Sens=0.321 Spec=0.859 PPV=0.472 F1=0.382 | Brier=0.2077 ECE=0.1092 uncert=5.50 lr=1.49e-04 (0s)
2026-07-28 15:55:22,335 | Epoch 54/300 | train_loss=3.7543 val_loss=1.0863 | AUROC=0.613 [0.526–0.708] AUPRC=0.425 Acc(opt)=0.734@thr=0.81 | Sens=0.321 Spec=0.859 PPV=0.472 F1=0.382 | Brier=0.2076 ECE=0.1094 uncert=5.53 lr=1.49e-04 (0s)
2026-07-28 15:55:55,101 | Epoch 55/300 | train_loss=1.9015 val_loss=1.0787 | AUROC=0.612 [0.525–0.708] AUPRC=0.425 Acc(opt)=0.734@thr=0.82 | Sens=0.340 Spec=0.852 PPV=0.474 F1=0.396 | Brier=0.2083 ECE=0.1088 uncert=5.44 lr=1.49e-04 (0s)
2026-07-28 15:55:55,144 | Early stopping at epoch 55
2026-07-28 15:55:56,430 | You are saving your model as an HDF5 file via `model.save()` or `keras.saving.save_model(model)`. This file format is considered legacy. We recommend using instead the native Keras format, e.g. `model.save('my_model.keras')` or `keras.saving.save_model(model, 'my_model.keras')`. 
2026-07-29 06:19:57,601 | Epoch 1/300 | train_loss=2.5142 val_loss=2.1477 | AUROC=0.521 [0.456–0.601] AUPRC=0.285 Acc(opt)=0.719@thr=0.99 | Sens=0.218 Spec=0.752 PPV=0.255 F1=0.235 | Brier=0.3075 ECE=0.2716 uncert=2.09 lr=7.00e-06 (0s)
2026-07-29 06:19:58,905 | ★ New best AUROC=0.5210 → saved checkpoint
2026-07-29 06:23:14,290 | Epoch 2/300 | train_loss=3.2165 val_loss=2.2939 | AUROC=0.480 [0.413–0.572] AUPRC=0.263 Acc(opt)=0.719@thr=1.00 | Sens=0.364 Spec=0.631 PPV=0.278 F1=0.315 | Brier=0.3584 ECE=0.3321 uncert=2.36 lr=1.40e-05 (0s)
2026-07-29 06:26:22,240 | Epoch 3/300 | train_loss=2.2533 val_loss=2.1717 | AUROC=0.486 [0.408–0.571] AUPRC=0.275 Acc(opt)=0.719@thr=1.00 | Sens=0.455 Spec=0.525 PPV=0.272 F1=0.340 | Brier=0.3915 ECE=0.3894 uncert=2.00 lr=2.10e-05 (0s)
2026-07-29 06:29:51,160 | Epoch 4/300 | train_loss=2.7489 val_loss=1.9242 | AUROC=0.533 [0.450–0.629] AUPRC=0.316 Acc(opt)=0.719@thr=1.00 | Sens=0.564 Spec=0.511 PPV=0.310 F1=0.400 | Brier=0.3804 ECE=0.3888 uncert=1.57 lr=2.80e-05 (0s)
2026-07-29 06:29:52,147 | ★ New best AUROC=0.5332 → saved checkpoint
2026-07-29 06:30:00,969 | Epoch 5/300 | train_loss=0.0000 val_loss=1.9242 | AUROC=0.533 [0.450–0.629] AUPRC=0.316 Acc(opt)=0.719@thr=1.00 | Sens=0.564 Spec=0.511 PPV=0.310 F1=0.400 | Brier=0.3804 ECE=0.3888 uncert=1.57 lr=2.80e-05 (0s)
2026-07-29 06:30:29,970 | Epoch 6/300 | train_loss=2.6842 val_loss=1.6707 | AUROC=0.555 [0.468–0.649] AUPRC=0.368 Acc(opt)=0.730@thr=0.99 | Sens=0.636 Spec=0.482 PPV=0.324 F1=0.429 | Brier=0.3815 ECE=0.3674 uncert=1.38 lr=3.50e-05 (0s)
2026-07-29 06:30:30,973 | ★ New best AUROC=0.5551 → saved checkpoint
2026-07-29 06:31:05,072 | Epoch 7/300 | train_loss=2.7997 val_loss=1.4880 | AUROC=0.568 [0.476–0.664] AUPRC=0.374 Acc(opt)=0.724@thr=0.99 | Sens=0.709 Spec=0.433 PPV=0.328 F1=0.448 | Brier=0.3977 ECE=0.3945 uncert=1.34 lr=4.20e-05 (0s)
2026-07-29 06:31:07,088 | ★ New best AUROC=0.5681 → saved checkpoint
2026-07-29 06:31:34,864 | Epoch 8/300 | train_loss=2.2050 val_loss=1.3676 | AUROC=0.588 [0.501–0.679] AUPRC=0.390 Acc(opt)=0.730@thr=0.99 | Sens=0.764 Spec=0.369 PPV=0.321 F1=0.452 | Brier=0.4080 ECE=0.4185 uncert=1.19 lr=4.90e-05 (0s)
2026-07-29 06:31:35,879 | ★ New best AUROC=0.5879 → saved checkpoint
2026-07-29 06:31:57,822 | Epoch 9/300 | train_loss=2.3791 val_loss=1.2690 | AUROC=0.608 [0.518–0.700] AUPRC=0.403 Acc(opt)=0.730@thr=0.99 | Sens=0.836 Spec=0.340 PPV=0.331 F1=0.474 | Brier=0.4174 ECE=0.4335 uncert=1.13 lr=5.60e-05 (0s)
2026-07-29 06:31:58,871 | ★ New best AUROC=0.6077 → saved checkpoint
2026-07-29 06:32:10,039 | Epoch 10/300 | train_loss=0.0000 val_loss=1.2690 | AUROC=0.608 [0.518–0.700] AUPRC=0.403 Acc(opt)=0.730@thr=0.99 | Sens=0.836 Spec=0.340 PPV=0.331 F1=0.474 | Brier=0.4174 ECE=0.4335 uncert=1.13 lr=5.60e-05 (0s)
2026-07-29 06:32:34,340 | Epoch 11/300 | train_loss=2.4248 val_loss=1.1595 | AUROC=0.618 [0.535–0.707] AUPRC=0.421 Acc(opt)=0.735@thr=0.99 | Sens=0.709 Spec=0.454 PPV=0.336 F1=0.456 | Brier=0.3628 ECE=0.3534 uncert=1.11 lr=6.30e-05 (0s)
2026-07-29 06:32:35,353 | ★ New best AUROC=0.6178 → saved checkpoint
2026-07-29 06:33:00,695 | Epoch 12/300 | train_loss=2.5100 val_loss=1.1518 | AUROC=0.617 [0.531–0.702] AUPRC=0.400 Acc(opt)=0.724@thr=0.97 | Sens=0.655 Spec=0.511 PPV=0.343 F1=0.450 | Brier=0.3252 ECE=0.3141 uncert=1.26 lr=7.00e-05 (0s)
2026-07-29 06:33:26,184 | Epoch 13/300 | train_loss=2.1037 val_loss=1.1184 | AUROC=0.614 [0.525–0.703] AUPRC=0.397 Acc(opt)=0.730@thr=0.96 | Sens=0.655 Spec=0.504 PPV=0.340 F1=0.447 | Brier=0.3204 ECE=0.3120 uncert=1.51 lr=7.70e-05 (0s)
2026-07-29 06:33:51,200 | Epoch 14/300 | train_loss=2.3050 val_loss=1.0688 | AUROC=0.600 [0.503–0.685] AUPRC=0.388 Acc(opt)=0.730@thr=0.96 | Sens=0.709 Spec=0.482 PPV=0.348 F1=0.467 | Brier=0.3139 ECE=0.2865 uncert=1.60 lr=8.40e-05 (0s)
2026-07-29 06:34:02,011 | Epoch 15/300 | train_loss=0.0000 val_loss=1.0688 | AUROC=0.600 [0.503–0.685] AUPRC=0.388 Acc(opt)=0.730@thr=0.96 | Sens=0.709 Spec=0.482 PPV=0.348 F1=0.467 | Brier=0.3139 ECE=0.2865 uncert=1.60 lr=8.40e-05 (0s)
2026-07-29 06:34:27,355 | Epoch 16/300 | train_loss=2.1349 val_loss=1.0859 | AUROC=0.594 [0.493–0.680] AUPRC=0.375 Acc(opt)=0.730@thr=0.98 | Sens=0.582 Spec=0.560 PPV=0.340 F1=0.430 | Brier=0.2906 ECE=0.2459 uncert=1.66 lr=9.10e-05 (0s)
2026-07-29 06:34:53,311 | Epoch 17/300 | train_loss=2.4544 val_loss=1.0331 | AUROC=0.578 [0.484–0.661] AUPRC=0.350 Acc(opt)=0.730@thr=0.98 | Sens=0.618 Spec=0.525 PPV=0.337 F1=0.436 | Brier=0.3138 ECE=0.2731 uncert=1.88 lr=9.80e-05 (0s)
2026-07-29 06:35:18,867 | Epoch 18/300 | train_loss=2.1145 val_loss=1.0457 | AUROC=0.559 [0.477–0.638] AUPRC=0.329 Acc(opt)=0.724@thr=0.98 | Sens=0.582 Spec=0.518 PPV=0.320 F1=0.413 | Brier=0.3163 ECE=0.2808 uncert=2.01 lr=1.05e-04 (0s)
2026-07-29 06:35:43,782 | Epoch 19/300 | train_loss=2.0403 val_loss=1.1225 | AUROC=0.581 [0.502–0.669] AUPRC=0.335 Acc(opt)=0.719@thr=0.97 | Sens=0.418 Spec=0.667 PPV=0.329 F1=0.368 | Brier=0.2762 ECE=0.2142 uncert=1.93 lr=1.12e-04 (0s)
2026-07-29 06:35:52,779 | Epoch 20/300 | train_loss=0.0000 val_loss=1.1225 | AUROC=0.581 [0.502–0.669] AUPRC=0.335 Acc(opt)=0.719@thr=0.97 | Sens=0.418 Spec=0.667 PPV=0.329 F1=0.368 | Brier=0.2762 ECE=0.2142 uncert=1.93 lr=1.12e-04 (0s)
2026-07-29 06:35:53,743 | Checkpoint saved: models/checkpoint_epoch20.weights.h5
2026-07-29 06:36:18,807 | Epoch 21/300 | train_loss=1.9866 val_loss=1.1253 | AUROC=0.586 [0.504–0.672] AUPRC=0.339 Acc(opt)=0.719@thr=0.95 | Sens=0.400 Spec=0.667 PPV=0.319 F1=0.355 | Brier=0.2723 ECE=0.2008 uncert=1.99 lr=1.12e-04 (0s)
2026-07-29 06:36:44,305 | Epoch 22/300 | train_loss=2.3248 val_loss=1.1339 | AUROC=0.587 [0.508–0.678] AUPRC=0.343 Acc(opt)=0.719@thr=0.96 | Sens=0.382 Spec=0.674 PPV=0.313 F1=0.344 | Brier=0.2698 ECE=0.2017 uncert=1.98 lr=1.12e-04 (0s)
2026-07-29 06:37:09,029 | Epoch 23/300 | train_loss=1.7541 val_loss=1.1358 | AUROC=0.593 [0.516–0.688] AUPRC=0.347 Acc(opt)=0.724@thr=0.97 | Sens=0.382 Spec=0.674 PPV=0.313 F1=0.344 | Brier=0.2671 ECE=0.1932 uncert=1.98 lr=1.12e-04 (0s)
2026-07-29 06:37:33,829 | Epoch 24/300 | train_loss=1.8474 val_loss=1.1376 | AUROC=0.596 [0.521–0.692] AUPRC=0.351 Acc(opt)=0.724@thr=0.96 | Sens=0.382 Spec=0.681 PPV=0.318 F1=0.347 | Brier=0.2639 ECE=0.2016 uncert=1.97 lr=1.12e-04 (0s)
2026-07-29 06:37:44,278 | Epoch 25/300 | train_loss=0.0000 val_loss=1.1376 | AUROC=0.596 [0.521–0.692] AUPRC=0.351 Acc(opt)=0.724@thr=0.96 | Sens=0.382 Spec=0.681 PPV=0.318 F1=0.347 | Brier=0.2639 ECE=0.2016 uncert=1.97 lr=1.12e-04 (0s)
2026-07-29 06:38:08,041 | Epoch 26/300 | train_loss=2.4460 val_loss=1.1398 | AUROC=0.600 [0.525–0.698] AUPRC=0.354 Acc(opt)=0.724@thr=0.96 | Sens=0.364 Spec=0.681 PPV=0.308 F1=0.333 | Brier=0.2614 ECE=0.2307 uncert=1.97 lr=1.12e-04 (0s)
2026-07-29 06:38:29,740 | Epoch 27/300 | train_loss=2.0480 val_loss=1.1417 | AUROC=0.601 [0.522–0.700] AUPRC=0.355 Acc(opt)=0.724@thr=0.96 | Sens=0.382 Spec=0.681 PPV=0.318 F1=0.347 | Brier=0.2605 ECE=0.2117 uncert=1.96 lr=1.12e-04 (0s)
2026-07-29 06:38:52,404 | Epoch 28/300 | train_loss=1.7530 val_loss=1.1384 | AUROC=0.603 [0.521–0.700] AUPRC=0.355 Acc(opt)=0.724@thr=0.96 | Sens=0.400 Spec=0.681 PPV=0.328 F1=0.361 | Brier=0.2589 ECE=0.2015 uncert=1.96 lr=1.12e-04 (0s)
2026-07-29 06:39:16,684 | Epoch 29/300 | train_loss=1.9275 val_loss=1.1393 | AUROC=0.605 [0.521–0.703] AUPRC=0.368 Acc(opt)=0.724@thr=0.96 | Sens=0.364 Spec=0.688 PPV=0.312 F1=0.336 | Brier=0.2575 ECE=0.2092 uncert=1.97 lr=1.12e-04 (0s)
2026-07-29 06:39:27,658 | Epoch 30/300 | train_loss=0.0000 val_loss=1.1393 | AUROC=0.605 [0.521–0.703] AUPRC=0.368 Acc(opt)=0.724@thr=0.96 | Sens=0.364 Spec=0.688 PPV=0.312 F1=0.336 | Brier=0.2575 ECE=0.2092 uncert=1.97 lr=1.12e-04 (0s)
2026-07-29 06:39:53,197 | Epoch 31/300 | train_loss=2.0189 val_loss=1.1411 | AUROC=0.605 [0.521–0.705] AUPRC=0.369 Acc(opt)=0.724@thr=0.96 | Sens=0.364 Spec=0.688 PPV=0.312 F1=0.336 | Brier=0.2565 ECE=0.2061 uncert=1.98 lr=1.12e-04 (0s)
2026-07-29 06:40:18,289 | Epoch 32/300 | train_loss=2.0308 val_loss=1.1417 | AUROC=0.605 [0.521–0.704] AUPRC=0.368 Acc(opt)=0.724@thr=0.96 | Sens=0.364 Spec=0.688 PPV=0.312 F1=0.336 | Brier=0.2565 ECE=0.2097 uncert=1.98 lr=1.12e-04 (0s)
2026-07-29 06:40:42,862 | Epoch 33/300 | train_loss=2.0700 val_loss=1.1384 | AUROC=0.605 [0.521–0.704] AUPRC=0.369 Acc(opt)=0.724@thr=0.96 | Sens=0.382 Spec=0.688 PPV=0.323 F1=0.350 | Brier=0.2558 ECE=0.1938 uncert=1.98 lr=1.12e-04 (0s)
2026-07-29 06:41:07,191 | Epoch 34/300 | train_loss=1.9297 val_loss=1.1399 | AUROC=0.606 [0.521–0.705] AUPRC=0.369 Acc(opt)=0.724@thr=0.96 | Sens=0.364 Spec=0.695 PPV=0.317 F1=0.339 | Brier=0.2552 ECE=0.2002 uncert=1.98 lr=1.12e-04 (0s)
2026-07-29 06:41:17,982 | Epoch 35/300 | train_loss=0.0000 val_loss=1.1399 | AUROC=0.606 [0.521–0.705] AUPRC=0.369 Acc(opt)=0.724@thr=0.96 | Sens=0.364 Spec=0.695 PPV=0.317 F1=0.339 | Brier=0.2552 ECE=0.2002 uncert=1.98 lr=1.12e-04 (0s)
2026-07-29 06:41:43,348 | Epoch 36/300 | train_loss=2.0474 val_loss=1.1417 | AUROC=0.607 [0.519–0.705] AUPRC=0.376 Acc(opt)=0.730@thr=0.97 | Sens=0.364 Spec=0.695 PPV=0.317 F1=0.339 | Brier=0.2547 ECE=0.1933 uncert=2.00 lr=1.12e-04 (0s)
2026-07-29 06:42:06,741 | Epoch 37/300 | train_loss=1.7027 val_loss=1.1408 | AUROC=0.606 [0.519–0.705] AUPRC=0.370 Acc(opt)=0.724@thr=0.96 | Sens=0.364 Spec=0.695 PPV=0.317 F1=0.339 | Brier=0.2551 ECE=0.2102 uncert=1.99 lr=1.12e-04 (0s)
2026-07-29 06:42:29,968 | Epoch 38/300 | train_loss=1.7062 val_loss=1.1378 | AUROC=0.606 [0.518–0.704] AUPRC=0.370 Acc(opt)=0.724@thr=0.96 | Sens=0.364 Spec=0.695 PPV=0.317 F1=0.339 | Brier=0.2548 ECE=0.2099 uncert=1.99 lr=1.12e-04 (0s)
2026-07-29 06:42:54,490 | Epoch 39/300 | train_loss=1.9504 val_loss=1.1419 | AUROC=0.606 [0.519–0.705] AUPRC=0.370 Acc(opt)=0.724@thr=0.95 | Sens=0.364 Spec=0.695 PPV=0.317 F1=0.339 | Brier=0.2543 ECE=0.1960 uncert=1.99 lr=1.12e-04 (0s)
2026-07-29 06:43:06,257 | Epoch 40/300 | train_loss=0.0000 val_loss=1.1419 | AUROC=0.606 [0.519–0.705] AUPRC=0.370 Acc(opt)=0.724@thr=0.95 | Sens=0.364 Spec=0.695 PPV=0.317 F1=0.339 | Brier=0.2543 ECE=0.1960 uncert=1.99 lr=1.12e-04 (0s)
2026-07-29 06:43:07,239 | Checkpoint saved: models/checkpoint_epoch40.weights.h5
2026-07-29 06:43:31,145 | Epoch 41/300 | train_loss=1.8130 val_loss=1.1453 | AUROC=0.606 [0.518–0.704] AUPRC=0.375 Acc(opt)=0.724@thr=0.95 | Sens=0.364 Spec=0.695 PPV=0.317 F1=0.339 | Brier=0.2541 ECE=0.2002 uncert=2.00 lr=1.12e-04 (0s)
2026-07-29 06:43:31,185 | Early stopping at epoch 41
2026-07-29 06:43:32,494 | You are saving your model as an HDF5 file via `model.save()` or `keras.saving.save_model(model)`. This file format is considered legacy. We recommend using instead the native Keras format, e.g. `model.save('my_model.keras')` or `keras.saving.save_model(model, 'my_model.keras')`. 
